[0.028s] Invoking command in '/home/yucheng/mpc_motion_control_projects/build/mpc_car_control': CMAKE_PREFIX_PATH=${CMAKE_PREFIX_PATH}:/opt/ros/foxy /usr/local/bin/cmake /home/yucheng/mpc_motion_control_projects/mpc_ws/src/mpc_car_control -DCMAKE_INSTALL_PREFIX=/home/yucheng/mpc_motion_control_projects/install/mpc_car_control
[0.032s] [0mCMake Deprecation Warning at CMakeLists.txt:1 (cmake_minimum_required):
[0.032s]   Compatibility with CMake < 3.10 will be removed from a future version of
[0.032s]   CMake.
[0.032s] 
[0.032s]   Update the VERSION argument <min> value.  Or, use the <min>...<max> syntax
[0.032s]   to tell CMake that the project requires at least <min> but has been updated
[0.032s]   to work with policies introduced by <max> or earlier.
[0.032s] 
[0.033s] [0m
[0.043s] -- Found ament_cmake: 0.9.12 (/opt/ros/foxy/share/ament_cmake/cmake)
[0.044s] [33mCMake Warning (dev) at /opt/ros/foxy/share/ament_cmake_core/cmake/core/python.cmake:22 (find_package):
[0.044s]   Policy CMP0148 is not set: The FindPythonInterp and FindPythonLibs modules
[0.044s]   are removed.  Run "cmake --help-policy CMP0148" for policy details.  Use
[0.044s]   the cmake_policy command to set the policy and suppress this warning.
[0.044s] 
[0.044s] Call Stack (most recent call first):
[0.045s]   /opt/ros/foxy/share/ament_cmake_core/cmake/core/all.cmake:53 (include)
[0.045s]   /opt/ros/foxy/share/ament_cmake_core/cmake/ament_cmake_core-extras.cmake:17 (include)
[0.045s]   /opt/ros/foxy/share/ament_cmake_core/cmake/ament_cmake_coreConfig.cmake:41 (include)
[0.045s]   /opt/ros/foxy/share/ament_cmake/cmake/ament_cmake_export_dependencies-extras.cmake:15 (find_package)
[0.045s]   /opt/ros/foxy/share/ament_cmake/cmake/ament_cmakeConfig.cmake:41 (include)
[0.045s]   CMakeLists.txt:19 (find_package)
[0.045s] This warning is for project developers.  Use -Wno-dev to suppress it.
[0.045s] [0m
[0.062s] -- Found PythonInterp: /usr/bin/python3 (found suitable version "3.8.10", minimum required is "3")
[0.062s] -- Using PYTHON_EXECUTABLE: /usr/bin/python3
[0.242s] -- Found rclcpp: 2.4.3 (/opt/ros/foxy/share/rclcpp/cmake)
[0.271s] -- Using all available rosidl_typesupport_c: rosidl_typesupport_fastrtps_c;rosidl_typesupport_introspection_c
[0.274s] -- Found rosidl_adapter: 1.3.1 (/opt/ros/foxy/share/rosidl_adapter/cmake)
[0.388s] -- Using all available rosidl_typesupport_cpp: rosidl_typesupport_fastrtps_cpp;rosidl_typesupport_introspection_cpp
[0.431s] -- Found rmw_implementation_cmake: 1.0.4 (/opt/ros/foxy/share/rmw_implementation_cmake/cmake)
[0.433s] -- Using RMW implementation 'rmw_fastrtps_cpp' as default
[0.563s] -- Found visualization_msgs: 2.0.5 (/opt/ros/foxy/share/visualization_msgs/cmake)
[0.670s] -- Found tf2: 0.13.14 (/opt/ros/foxy/share/tf2/cmake)
[0.679s] -- Found tf2_ros: 0.13.14 (/opt/ros/foxy/share/tf2_ros/cmake)
[0.988s] -- Found tf2_geometry_msgs: 0.13.14 (/opt/ros/foxy/share/tf2_geometry_msgs/cmake)
[0.994s] -- Found eigen3_cmake_module: 0.1.1 (/opt/ros/foxy/share/eigen3_cmake_module/cmake)
[1.018s] -- Found ament_lint_auto: 0.9.8 (/opt/ros/foxy/share/ament_lint_auto/cmake)
[1.074s] -- Found rosidl_default_generators: 1.0.1 (/opt/ros/foxy/share/rosidl_default_generators/cmake)
[1.084s] [33mCMake Warning (dev) at /opt/ros/foxy/share/rosidl_adapter/cmake/rosidl_adapt_interfaces.cmake:40 (find_package):
[1.084s]   Policy CMP0148 is not set: The FindPythonInterp and FindPythonLibs modules
[1.084s]   are removed.  Run "cmake --help-policy CMP0148" for policy details.  Use
[1.084s]   the cmake_policy command to set the policy and suppress this warning.
[1.084s] 
[1.084s] Call Stack (most recent call first):
[1.084s]   /opt/ros/foxy/share/rosidl_cmake/cmake/rosidl_generate_interfaces.cmake:130 (rosidl_adapt_interfaces)
[1.084s]   CMakeLists.txt:44 (rosidl_generate_interfaces)
[1.084s] This warning is for project developers.  Use -Wno-dev to suppress it.
[1.084s] [0m
[1.103s] -- Found PythonInterp: /usr/bin/python3 (found version "3.8.10")
[1.233s] -- Found ament_cmake_ros: 0.9.2 (/opt/ros/foxy/share/ament_cmake_ros/cmake)
[1.446s] -- Using all available rosidl_typesupport_c: rosidl_typesupport_fastrtps_c;rosidl_typesupport_introspection_c
[1.535s] -- Using all available rosidl_typesupport_cpp: rosidl_typesupport_fastrtps_cpp;rosidl_typesupport_introspection_cpp
[1.539s] [33mCMake Warning (dev) at /opt/ros/foxy/share/rosidl_generator_py/cmake/rosidl_generator_py_generate_interfaces.cmake:20 (find_package):
[1.539s]   Policy CMP0148 is not set: The FindPythonInterp and FindPythonLibs modules
[1.539s]   are removed.  Run "cmake --help-policy CMP0148" for policy details.  Use
[1.539s]   the cmake_policy command to set the policy and suppress this warning.
[1.539s] 
[1.539s] Call Stack (most recent call first):
[1.540s]   /opt/ros/foxy/share/ament_cmake_core/cmake/core/ament_execute_extensions.cmake:48 (include)
[1.540s]   /opt/ros/foxy/share/rosidl_cmake/cmake/rosidl_generate_interfaces.cmake:286 (ament_execute_extensions)
[1.540s]   CMakeLists.txt:44 (rosidl_generate_interfaces)
[1.540s] This warning is for project developers.  Use -Wno-dev to suppress it.
[1.540s] [0m
[1.558s] -- Found PythonInterp: /usr/bin/python3 (found suitable version "3.8.10", minimum required is "3.5")
[1.558s] -- Found python_cmake_module: 0.8.1 (/opt/ros/foxy/share/python_cmake_module/cmake)
[1.558s] [33mCMake Warning (dev) at /opt/ros/foxy/share/python_cmake_module/cmake/Modules/FindPythonExtra.cmake:45 (find_package):
[1.558s]   Policy CMP0148 is not set: The FindPythonInterp and FindPythonLibs modules
[1.559s]   are removed.  Run "cmake --help-policy CMP0148" for policy details.  Use
[1.559s]   the cmake_policy command to set the policy and suppress this warning.
[1.559s] 
[1.559s] Call Stack (most recent call first):
[1.559s]   /opt/ros/foxy/share/rosidl_generator_py/cmake/rosidl_generator_py_generate_interfaces.cmake:23 (find_package)
[1.559s]   /opt/ros/foxy/share/ament_cmake_core/cmake/core/ament_execute_extensions.cmake:48 (include)
[1.559s]   /opt/ros/foxy/share/rosidl_cmake/cmake/rosidl_generate_interfaces.cmake:286 (ament_execute_extensions)
[1.559s]   CMakeLists.txt:44 (rosidl_generate_interfaces)
[1.559s] This warning is for project developers.  Use -Wno-dev to suppress it.
[1.559s] [0m
[1.577s] [33mCMake Warning (dev) at /opt/ros/foxy/share/python_cmake_module/cmake/Modules/FindPythonExtra.cmake:133 (find_package):
[1.577s]   Policy CMP0148 is not set: The FindPythonInterp and FindPythonLibs modules
[1.577s]   are removed.  Run "cmake --help-policy CMP0148" for policy details.  Use
[1.577s]   the cmake_policy command to set the policy and suppress this warning.
[1.577s] 
[1.577s] Call Stack (most recent call first):
[1.577s]   /opt/ros/foxy/share/rosidl_generator_py/cmake/rosidl_generator_py_generate_interfaces.cmake:23 (find_package)
[1.577s]   /opt/ros/foxy/share/ament_cmake_core/cmake/core/ament_execute_extensions.cmake:48 (include)
[1.577s]   /opt/ros/foxy/share/rosidl_cmake/cmake/rosidl_generate_interfaces.cmake:286 (ament_execute_extensions)
[1.578s]   CMakeLists.txt:44 (rosidl_generate_interfaces)
[1.578s] This warning is for project developers.  Use -Wno-dev to suppress it.
[1.578s] [0m
[1.579s] -- Using PYTHON_EXECUTABLE: /usr/bin/python3
[1.579s] -- Using PYTHON_INCLUDE_DIRS: /usr/include/python3.8
[1.579s] -- Using PYTHON_LIBRARIES: /usr/lib/x86_64-linux-gnu/libpython3.8.so
[1.632s] -- Added test 'copyright' to check source files copyright and LICENSE
[1.634s] -- Added test 'cppcheck' to perform static code analysis on C / C++ code
[1.636s] -- Configured cppcheck include dirs: 
[1.636s] -- Configured cppcheck exclude dirs and/or files: 
[1.637s] -- Added test 'cpplint' to check C / C++ code against the Google style
[1.637s] -- Configured cpplint exclude dirs and/or files: 
[1.638s] -- Added test 'flake8' to check Python code syntax and style conventions
[1.638s] -- Added test 'lint_cmake' to check CMake code style
[1.639s] -- Added test 'pep257' to check Python code against some of the style conventions in PEP 257
[1.641s] -- Added test 'uncrustify' to check C / C++ code style
[1.641s] -- Configured uncrustify additional arguments: 
[1.641s] -- Added test 'xmllint' to check XML markup files
[1.645s] -- Configuring done (1.6s)
[1.731s] -- Generating done (0.1s)
[1.731s] -- Build files have been written to: /home/yucheng/mpc_motion_control_projects/build/mpc_car_control
[1.741s] Invoked command in '/home/yucheng/mpc_motion_control_projects/build/mpc_car_control' returned '0': CMAKE_PREFIX_PATH=${CMAKE_PREFIX_PATH}:/opt/ros/foxy /usr/local/bin/cmake /home/yucheng/mpc_motion_control_projects/mpc_ws/src/mpc_car_control -DCMAKE_INSTALL_PREFIX=/home/yucheng/mpc_motion_control_projects/install/mpc_car_control
[1.744s] Invoking command in '/home/yucheng/mpc_motion_control_projects/build/mpc_car_control': CMAKE_PREFIX_PATH=${CMAKE_PREFIX_PATH}:/opt/ros/foxy /usr/local/bin/cmake --build /home/yucheng/mpc_motion_control_projects/build/mpc_car_control -- -j12 -l12
[1.766s] [  1%] [34m[1mGenerating C code for ROS interfaces[0m
[1.771s] [  2%] [34m[1mGenerating C++ code for ROS interfaces[0m
[2.151s] [  2%] Built target mpc_car_control__cpp
[2.157s] [  6%] [34m[1mGenerating C++ introspection for ROS interfaces[0m
[2.157s] [  6%] [34m[1mGenerating C++ type support for eProsima Fast-RTPS[0m
[2.158s] [  6%] [34m[1mGenerating C++ type support dispatch for ROS interfaces[0m
[2.199s] [  9%] [32mBuilding C object CMakeFiles/mpc_car_control__rosidl_generator_c.dir/rosidl_generator_c/mpc_car_control/msg/detail/control_command_body__functions.c.o[0m
[2.200s] [  9%] [32mBuilding C object CMakeFiles/mpc_car_control__rosidl_generator_c.dir/rosidl_generator_c/mpc_car_control/msg/detail/vehicle_state__functions.c.o[0m
[2.200s] [ 11%] [32mBuilding C object CMakeFiles/mpc_car_control__rosidl_generator_c.dir/rosidl_generator_c/mpc_car_control/msg/detail/reference_trajectory__functions.c.o[0m
[2.200s] [ 11%] [32mBuilding C object CMakeFiles/mpc_car_control__rosidl_generator_c.dir/rosidl_generator_c/mpc_car_control/msg/detail/actuator_command__functions.c.o[0m
[2.204s] [ 12%] [32mBuilding C object CMakeFiles/mpc_car_control__rosidl_generator_c.dir/rosidl_generator_c/mpc_car_control/msg/detail/wheel_ground_heights__functions.c.o[0m
[2.267s] [ 14%] [32m[1mLinking C shared library libmpc_car_control__rosidl_generator_c.so[0m
[2.302s] [ 14%] Built target mpc_car_control__rosidl_generator_c
[2.308s] [ 16%] [34m[1mGenerating C type support dispatch for ROS interfaces[0m
[2.308s] [ 16%] [34m[1mGenerating C introspection for ROS interfaces[0m
[2.572s] [ 18%] [32mBuilding CXX object CMakeFiles/mpc_car_control__rosidl_typesupport_fastrtps_cpp.dir/rosidl_typesupport_fastrtps_cpp/mpc_car_control/msg/detail/dds_fastrtps/control_command_body__type_support.cpp.o[0m
[2.572s] [ 20%] [32mBuilding CXX object CMakeFiles/mpc_car_control__rosidl_typesupport_fastrtps_cpp.dir/rosidl_typesupport_fastrtps_cpp/mpc_car_control/msg/detail/dds_fastrtps/vehicle_state__type_support.cpp.o[0m
[2.572s] [ 20%] [32mBuilding CXX object CMakeFiles/mpc_car_control__rosidl_typesupport_fastrtps_cpp.dir/rosidl_typesupport_fastrtps_cpp/mpc_car_control/msg/detail/dds_fastrtps/wheel_ground_heights__type_support.cpp.o[0m
[2.572s] [ 22%] [32mBuilding CXX object CMakeFiles/mpc_car_control__rosidl_typesupport_fastrtps_cpp.dir/rosidl_typesupport_fastrtps_cpp/mpc_car_control/msg/detail/dds_fastrtps/reference_trajectory__type_support.cpp.o[0m
[2.572s] [ 23%] [32mBuilding CXX object CMakeFiles/mpc_car_control__rosidl_typesupport_fastrtps_cpp.dir/rosidl_typesupport_fastrtps_cpp/mpc_car_control/msg/detail/dds_fastrtps/actuator_command__type_support.cpp.o[0m
[2.618s] [ 24%] [32mBuilding CXX object CMakeFiles/mpc_car_control__rosidl_typesupport_c.dir/rosidl_typesupport_c/mpc_car_control/msg/vehicle_state__type_support.cpp.o[0m
[2.619s] [ 27%] [32mBuilding CXX object CMakeFiles/mpc_car_control__rosidl_typesupport_c.dir/rosidl_typesupport_c/mpc_car_control/msg/actuator_command__type_support.cpp.o[0m
[2.619s] [ 27%] [32mBuilding CXX object CMakeFiles/mpc_car_control__rosidl_typesupport_c.dir/rosidl_typesupport_c/mpc_car_control/msg/control_command_body__type_support.cpp.o[0m
[2.620s] [ 28%] [32mBuilding CXX object CMakeFiles/mpc_car_control__rosidl_typesupport_c.dir/rosidl_typesupport_c/mpc_car_control/msg/reference_trajectory__type_support.cpp.o[0m
[2.660s] [ 29%] [32mBuilding CXX object CMakeFiles/mpc_car_control__rosidl_typesupport_cpp.dir/rosidl_typesupport_cpp/mpc_car_control/msg/vehicle_state__type_support.cpp.o[0m
[2.669s] [ 31%] [32mBuilding CXX object CMakeFiles/mpc_car_control__rosidl_typesupport_cpp.dir/rosidl_typesupport_cpp/mpc_car_control/msg/control_command_body__type_support.cpp.o[0m
[2.676s] [ 32%] [32mBuilding CXX object CMakeFiles/mpc_car_control__rosidl_typesupport_c.dir/rosidl_typesupport_c/mpc_car_control/msg/wheel_ground_heights__type_support.cpp.o[0m
[2.677s] [ 33%] [32mBuilding CXX object CMakeFiles/mpc_car_control__rosidl_typesupport_cpp.dir/rosidl_typesupport_cpp/mpc_car_control/msg/reference_trajectory__type_support.cpp.o[0m
[2.693s] [ 35%] [32mBuilding CXX object CMakeFiles/mpc_car_control__rosidl_typesupport_cpp.dir/rosidl_typesupport_cpp/mpc_car_control/msg/actuator_command__type_support.cpp.o[0m
[2.728s] [ 36%] [32m[1mLinking CXX shared library libmpc_car_control__rosidl_typesupport_c.so[0m
[2.752s] [ 37%] [32mBuilding CXX object CMakeFiles/mpc_car_control__rosidl_typesupport_introspection_cpp.dir/rosidl_typesupport_introspection_cpp/mpc_car_control/msg/detail/vehicle_state__type_support.cpp.o[0m
[2.768s] [ 38%] [32mBuilding C object CMakeFiles/mpc_car_control__rosidl_typesupport_introspection_c.dir/rosidl_typesupport_introspection_c/mpc_car_control/msg/detail/vehicle_state__type_support.c.o[0m
[2.780s] [ 38%] Built target mpc_car_control__rosidl_typesupport_c
[2.786s] [ 40%] [32mBuilding CXX object CMakeFiles/mpc_car_control__rosidl_typesupport_introspection_cpp.dir/rosidl_typesupport_introspection_cpp/mpc_car_control/msg/detail/reference_trajectory__type_support.cpp.o[0m
[2.812s] [ 41%] [32mBuilding C object CMakeFiles/mpc_car_control__rosidl_typesupport_introspection_c.dir/rosidl_typesupport_introspection_c/mpc_car_control/msg/detail/reference_trajectory__type_support.c.o[0m
[2.872s] [ 42%] [32mBuilding C object CMakeFiles/mpc_car_control__rosidl_typesupport_introspection_c.dir/rosidl_typesupport_introspection_c/mpc_car_control/msg/detail/control_command_body__type_support.c.o[0m
[2.967s] [ 44%] [32mBuilding C object CMakeFiles/mpc_car_control__rosidl_typesupport_introspection_c.dir/rosidl_typesupport_introspection_c/mpc_car_control/msg/detail/actuator_command__type_support.c.o[0m
[3.109s] [ 45%] [32mBuilding C object CMakeFiles/mpc_car_control__rosidl_typesupport_introspection_c.dir/rosidl_typesupport_introspection_c/mpc_car_control/msg/detail/wheel_ground_heights__type_support.c.o[0m
[3.148s] [ 48%] [32mBuilding CXX object CMakeFiles/mpc_car_control__rosidl_typesupport_introspection_cpp.dir/rosidl_typesupport_introspection_cpp/mpc_car_control/msg/detail/control_command_body__type_support.cpp.o[0m
[3.148s] [ 48%] [32mBuilding CXX object CMakeFiles/mpc_car_control__rosidl_typesupport_cpp.dir/rosidl_typesupport_cpp/mpc_car_control/msg/wheel_ground_heights__type_support.cpp.o[0m
[3.160s] [ 49%] [32m[1mLinking C shared library libmpc_car_control__rosidl_typesupport_introspection_c.so[0m
[3.198s] [ 49%] Built target mpc_car_control__rosidl_typesupport_introspection_c
[3.204s] [ 50%] [32mBuilding CXX object CMakeFiles/mpc_car_control__rosidl_typesupport_introspection_cpp.dir/rosidl_typesupport_introspection_cpp/mpc_car_control/msg/detail/actuator_command__type_support.cpp.o[0m
[3.222s] [ 51%] [32mBuilding CXX object CMakeFiles/mpc_car_control__rosidl_typesupport_introspection_cpp.dir/rosidl_typesupport_introspection_cpp/mpc_car_control/msg/detail/wheel_ground_heights__type_support.cpp.o[0m
[3.310s] [ 53%] [32m[1mLinking CXX shared library libmpc_car_control__rosidl_typesupport_fastrtps_cpp.so[0m
[3.404s] [ 53%] Built target mpc_car_control__rosidl_typesupport_fastrtps_cpp
[3.409s] [ 54%] [34m[1mGenerating C type support for eProsima Fast-RTPS[0m
[3.456s] [ 55%] [32m[1mLinking CXX shared library libmpc_car_control__rosidl_typesupport_cpp.so[0m
[3.488s] [ 55%] Built target mpc_car_control__rosidl_typesupport_cpp
[3.537s] [ 57%] [32m[1mLinking CXX shared library libmpc_car_control__rosidl_typesupport_introspection_cpp.so[0m
[3.598s] [ 57%] Built target mpc_car_control__rosidl_typesupport_introspection_cpp
[3.762s] [ 58%] [32mBuilding CXX object CMakeFiles/mpc_car_control__rosidl_typesupport_fastrtps_c.dir/rosidl_typesupport_fastrtps_c/mpc_car_control/msg/detail/vehicle_state__type_support_c.cpp.o[0m
[3.762s] [ 59%] [32mBuilding CXX object CMakeFiles/mpc_car_control__rosidl_typesupport_fastrtps_c.dir/rosidl_typesupport_fastrtps_c/mpc_car_control/msg/detail/reference_trajectory__type_support_c.cpp.o[0m
[3.763s] [ 61%] [32mBuilding CXX object CMakeFiles/mpc_car_control__rosidl_typesupport_fastrtps_c.dir/rosidl_typesupport_fastrtps_c/mpc_car_control/msg/detail/control_command_body__type_support_c.cpp.o[0m
[3.763s] [ 62%] [32mBuilding CXX object CMakeFiles/mpc_car_control__rosidl_typesupport_fastrtps_c.dir/rosidl_typesupport_fastrtps_c/mpc_car_control/msg/detail/actuator_command__type_support_c.cpp.o[0m
[3.763s] [ 63%] [32mBuilding CXX object CMakeFiles/mpc_car_control__rosidl_typesupport_fastrtps_c.dir/rosidl_typesupport_fastrtps_c/mpc_car_control/msg/detail/wheel_ground_heights__type_support_c.cpp.o[0m
[4.089s] [ 64%] [32m[1mLinking CXX shared library libmpc_car_control__rosidl_typesupport_fastrtps_c.so[0m
[4.167s] [ 64%] Built target mpc_car_control__rosidl_typesupport_fastrtps_c
[4.177s] [ 64%] Built target mpc_car_control
[4.187s] [ 66%] [32mBuilding CXX object CMakeFiles/scenario_generator_node.dir/src/scenario_generator_node.cpp.o[0m
[4.187s] [ 67%] [32mBuilding CXX object CMakeFiles/pid_controller_node.dir/src/pid_controller_node.cpp.o[0m
[4.187s] [ 68%] [32mBuilding CXX object CMakeFiles/mpc_controller_node.dir/src/mpc_controller_node.cpp.o[0m
[4.188s] [ 71%] [32mBuilding CXX object CMakeFiles/vehicle_interface_node.dir/src/vehicle_interface_node.cpp.o[0m
[4.188s] [ 71%] [34m[1mGenerating Python code for ROS interfaces[0m
[4.188s] [ 72%] [32mBuilding CXX object CMakeFiles/control_allocator_node.dir/src/control_allocator_node.cpp.o[0m
[4.189s] [ 74%] [32mBuilding CXX object CMakeFiles/vehicle_model_node.dir/src/vehicle_model_node.cpp.o[0m
[4.190s] [ 75%] [32mBuilding CXX object CMakeFiles/visualization_node.dir/src/visualization_node.cpp.o[0m
[5.524s] [ 75%] Built target mpc_car_control__py
[5.539s] [ 77%] [32mBuilding C object CMakeFiles/mpc_car_control__python.dir/rosidl_generator_py/mpc_car_control/msg/_vehicle_state_s.c.o[0m
[5.540s] [ 79%] [32mBuilding C object CMakeFiles/mpc_car_control__python.dir/rosidl_generator_py/mpc_car_control/msg/_control_command_body_s.c.o[0m
[5.540s] [ 79%] [32mBuilding C object CMakeFiles/mpc_car_control__python.dir/rosidl_generator_py/mpc_car_control/msg/_reference_trajectory_s.c.o[0m
[5.545s] [ 80%] [32mBuilding C object CMakeFiles/mpc_car_control__python.dir/rosidl_generator_py/mpc_car_control/msg/_actuator_command_s.c.o[0m
[5.547s] [ 81%] [32mBuilding C object CMakeFiles/mpc_car_control__python.dir/rosidl_generator_py/mpc_car_control/msg/_wheel_ground_heights_s.c.o[0m
[5.716s] [ 83%] [32m[1mLinking C shared library rosidl_generator_py/mpc_car_control/libmpc_car_control__python.so[0m
[5.775s] [ 83%] Built target mpc_car_control__python
[5.789s] [ 87%] [32mBuilding C object CMakeFiles/mpc_car_control__rosidl_typesupport_introspection_c__pyext.dir/rosidl_generator_py/mpc_car_control/_mpc_car_control_s.ep.rosidl_typesupport_introspection_c.c.o[0m
[5.789s] [ 87%] [32mBuilding C object CMakeFiles/mpc_car_control__rosidl_typesupport_fastrtps_c__pyext.dir/rosidl_generator_py/mpc_car_control/_mpc_car_control_s.ep.rosidl_typesupport_fastrtps_c.c.o[0m
[5.789s] [ 87%] [32mBuilding C object CMakeFiles/mpc_car_control__rosidl_typesupport_c__pyext.dir/rosidl_generator_py/mpc_car_control/_mpc_car_control_s.ep.rosidl_typesupport_c.c.o[0m
[5.934s] [ 89%] [32m[1mLinking C shared library rosidl_generator_py/mpc_car_control/mpc_car_control_s__rosidl_typesupport_c.cpython-38-x86_64-linux-gnu.so[0m
[5.934s] [ 89%] [32m[1mLinking C shared library rosidl_generator_py/mpc_car_control/mpc_car_control_s__rosidl_typesupport_introspection_c.cpython-38-x86_64-linux-gnu.so[0m
[5.940s] [ 90%] [32m[1mLinking CXX shared library rosidl_generator_py/mpc_car_control/mpc_car_control_s__rosidl_typesupport_fastrtps_c.cpython-38-x86_64-linux-gnu.so[0m
[5.981s] [ 90%] Built target mpc_car_control__rosidl_typesupport_introspection_c__pyext
[5.984s] [ 90%] Built target mpc_car_control__rosidl_typesupport_c__pyext
[6.036s] [ 90%] Built target mpc_car_control__rosidl_typesupport_fastrtps_c__pyext
[10.944s] [ 92%] [32m[1mLinking CXX executable scenario_generator_node[0m
[11.329s] [ 92%] Built target scenario_generator_node
[11.513s] [ 93%] [32m[1mLinking CXX executable vehicle_interface_node[0m
[11.887s] [ 93%] Built target vehicle_interface_node
[11.960s] [ 94%] [32m[1mLinking CXX executable pid_controller_node[0m
[12.324s] [ 94%] Built target pid_controller_node
[12.474s] [ 96%] [32m[1mLinking CXX executable control_allocator_node[0m
[12.682s] [ 97%] [32m[1mLinking CXX executable vehicle_model_node[0m
[12.900s] [ 97%] Built target control_allocator_node
[13.092s] [ 97%] Built target vehicle_model_node
[14.370s] [ 98%] [32m[1mLinking CXX executable visualization_node[0m
[14.752s] [ 98%] Built target visualization_node
[16.965s] [100%] [32m[1mLinking CXX executable mpc_controller_node[0m
[17.353s] [100%] Built target mpc_controller_node
[17.364s] Invoked command in '/home/yucheng/mpc_motion_control_projects/build/mpc_car_control' returned '0': CMAKE_PREFIX_PATH=${CMAKE_PREFIX_PATH}:/opt/ros/foxy /usr/local/bin/cmake --build /home/yucheng/mpc_motion_control_projects/build/mpc_car_control -- -j12 -l12
[17.626s] Invoking command in '/home/yucheng/mpc_motion_control_projects/build/mpc_car_control': CMAKE_PREFIX_PATH=${CMAKE_PREFIX_PATH}:/opt/ros/foxy /usr/local/bin/cmake --install /home/yucheng/mpc_motion_control_projects/build/mpc_car_control
[17.636s] -- Install configuration: ""
[17.636s] -- Installing: /home/yucheng/mpc_motion_control_projects/install/mpc_car_control/share/ament_index/resource_index/rosidl_interfaces/mpc_car_control
[17.637s] -- Installing: /home/yucheng/mpc_motion_control_projects/install/mpc_car_control/include/mpc_car_control
[17.637s] -- Installing: /home/yucheng/mpc_motion_control_projects/install/mpc_car_control/include/mpc_car_control/msg
[17.638s] -- Installing: /home/yucheng/mpc_motion_control_projects/install/mpc_car_control/include/mpc_car_control/msg/rosidl_generator_c__visibility_control.h
[17.638s] -- Installing: /home/yucheng/mpc_motion_control_projects/install/mpc_car_control/include/mpc_car_control/msg/wheel_ground_heights.h
[17.638s] -- Installing: /home/yucheng/mpc_motion_control_projects/install/mpc_car_control/include/mpc_car_control/msg/control_command_body.h
[17.638s] -- Installing: /home/yucheng/mpc_motion_control_projects/install/mpc_car_control/include/mpc_car_control/msg/detail
[17.638s] -- Installing: /home/yucheng/mpc_motion_control_projects/install/mpc_car_control/include/mpc_car_control/msg/detail/control_command_body__struct.h
[17.639s] -- Installing: /home/yucheng/mpc_motion_control_projects/install/mpc_car_control/include/mpc_car_control/msg/detail/control_command_body__type_support.h
[17.639s] -- Installing: /home/yucheng/mpc_motion_control_projects/install/mpc_car_control/include/mpc_car_control/msg/detail/actuator_command__struct.h
[17.639s] -- Installing: /home/yucheng/mpc_motion_control_projects/install/mpc_car_control/include/mpc_car_control/msg/detail/reference_trajectory__type_support.h
[17.639s] -- Installing: /home/yucheng/mpc_motion_control_projects/install/mpc_car_control/include/mpc_car_control/msg/detail/control_command_body__functions.h
[17.639s] -- Installing: /home/yucheng/mpc_motion_control_projects/install/mpc_car_control/include/mpc_car_control/msg/detail/wheel_ground_heights__functions.h
[17.640s] -- Installing: /home/yucheng/mpc_motion_control_projects/install/mpc_car_control/include/mpc_car_control/msg/detail/reference_trajectory__functions.h
[17.640s] -- Installing: /home/yucheng/mpc_motion_control_projects/install/mpc_car_control/include/mpc_car_control/msg/detail/vehicle_state__type_support.h
[17.640s] -- Installing: /home/yucheng/mpc_motion_control_projects/install/mpc_car_control/include/mpc_car_control/msg/detail/wheel_ground_heights__functions.c
[17.640s] -- Installing: /home/yucheng/mpc_motion_control_projects/install/mpc_car_control/include/mpc_car_control/msg/detail/actuator_command__functions.c
[17.640s] -- Installing: /home/yucheng/mpc_motion_control_projects/install/mpc_car_control/include/mpc_car_control/msg/detail/vehicle_state__functions.h
[17.641s] -- Installing: /home/yucheng/mpc_motion_control_projects/install/mpc_car_control/include/mpc_car_control/msg/detail/vehicle_state__functions.c
[17.641s] -- Installing: /home/yucheng/mpc_motion_control_projects/install/mpc_car_control/include/mpc_car_control/msg/detail/control_command_body__functions.c
[17.641s] -- Installing: /home/yucheng/mpc_motion_control_projects/install/mpc_car_control/include/mpc_car_control/msg/detail/reference_trajectory__struct.h
[17.641s] -- Installing: /home/yucheng/mpc_motion_control_projects/install/mpc_car_control/include/mpc_car_control/msg/detail/actuator_command__functions.h
[17.641s] -- Installing: /home/yucheng/mpc_motion_control_projects/install/mpc_car_control/include/mpc_car_control/msg/detail/vehicle_state__struct.h
[17.641s] -- Installing: /home/yucheng/mpc_motion_control_projects/install/mpc_car_control/include/mpc_car_control/msg/detail/reference_trajectory__functions.c
[17.642s] -- Installing: /home/yucheng/mpc_motion_control_projects/install/mpc_car_control/include/mpc_car_control/msg/detail/wheel_ground_heights__type_support.h
[17.642s] -- Installing: /home/yucheng/mpc_motion_control_projects/install/mpc_car_control/include/mpc_car_control/msg/detail/wheel_ground_heights__struct.h
[17.642s] -- Installing: /home/yucheng/mpc_motion_control_projects/install/mpc_car_control/include/mpc_car_control/msg/detail/actuator_command__type_support.h
[17.642s] -- Installing: /home/yucheng/mpc_motion_control_projects/install/mpc_car_control/include/mpc_car_control/msg/reference_trajectory.h
[17.642s] -- Installing: /home/yucheng/mpc_motion_control_projects/install/mpc_car_control/include/mpc_car_control/msg/vehicle_state.h
[17.642s] -- Installing: /home/yucheng/mpc_motion_control_projects/install/mpc_car_control/include/mpc_car_control/msg/actuator_command.h
[17.643s] -- Installing: /home/yucheng/mpc_motion_control_projects/install/mpc_car_control/share/mpc_car_control/environment/library_path.sh
[17.643s] -- Installing: /home/yucheng/mpc_motion_control_projects/install/mpc_car_control/share/mpc_car_control/environment/library_path.dsv
[17.643s] -- Installing: /home/yucheng/mpc_motion_control_projects/install/mpc_car_control/lib/libmpc_car_control__rosidl_generator_c.so
[17.644s] -- Set non-toolchain portion of runtime path of "/home/yucheng/mpc_motion_control_projects/install/mpc_car_control/lib/libmpc_car_control__rosidl_generator_c.so" to ""
[17.644s] -- Up-to-date: /home/yucheng/mpc_motion_control_projects/install/mpc_car_control/include/mpc_car_control
[17.645s] -- Up-to-date: /home/yucheng/mpc_motion_control_projects/install/mpc_car_control/include/mpc_car_control/msg
[17.645s] -- Up-to-date: /home/yucheng/mpc_motion_control_projects/install/mpc_car_control/include/mpc_car_control/msg/detail
[17.645s] -- Installing: /home/yucheng/mpc_motion_control_projects/install/mpc_car_control/include/mpc_car_control/msg/detail/wheel_ground_heights__rosidl_typesupport_fastrtps_c.h
[17.645s] -- Installing: /home/yucheng/mpc_motion_control_projects/install/mpc_car_control/include/mpc_car_control/msg/detail/control_command_body__rosidl_typesupport_fastrtps_c.h
[17.645s] -- Installing: /home/yucheng/mpc_motion_control_projects/install/mpc_car_control/include/mpc_car_control/msg/detail/vehicle_state__rosidl_typesupport_fastrtps_c.h
[17.645s] -- Installing: /home/yucheng/mpc_motion_control_projects/install/mpc_car_control/include/mpc_car_control/msg/detail/reference_trajectory__rosidl_typesupport_fastrtps_c.h
[17.646s] -- Installing: /home/yucheng/mpc_motion_control_projects/install/mpc_car_control/include/mpc_car_control/msg/detail/actuator_command__rosidl_typesupport_fastrtps_c.h
[17.646s] -- Installing: /home/yucheng/mpc_motion_control_projects/install/mpc_car_control/include/mpc_car_control/msg/rosidl_typesupport_fastrtps_c__visibility_control.h
[17.646s] -- Installing: /home/yucheng/mpc_motion_control_projects/install/mpc_car_control/lib/libmpc_car_control__rosidl_typesupport_fastrtps_c.so
[17.646s] -- Set non-toolchain portion of runtime path of "/home/yucheng/mpc_motion_control_projects/install/mpc_car_control/lib/libmpc_car_control__rosidl_typesupport_fastrtps_c.so" to ""
[17.646s] -- Up-to-date: /home/yucheng/mpc_motion_control_projects/install/mpc_car_control/include/mpc_car_control
[17.647s] -- Up-to-date: /home/yucheng/mpc_motion_control_projects/install/mpc_car_control/include/mpc_car_control/msg
[17.647s] -- Up-to-date: /home/yucheng/mpc_motion_control_projects/install/mpc_car_control/include/mpc_car_control/msg/detail
[17.647s] -- Installing: /home/yucheng/mpc_motion_control_projects/install/mpc_car_control/include/mpc_car_control/msg/detail/dds_fastrtps
[17.647s] -- Installing: /home/yucheng/mpc_motion_control_projects/install/mpc_car_control/include/mpc_car_control/msg/detail/reference_trajectory__rosidl_typesupport_fastrtps_cpp.hpp
[17.647s] -- Installing: /home/yucheng/mpc_motion_control_projects/install/mpc_car_control/include/mpc_car_control/msg/detail/vehicle_state__rosidl_typesupport_fastrtps_cpp.hpp
[17.647s] -- Installing: /home/yucheng/mpc_motion_control_projects/install/mpc_car_control/include/mpc_car_control/msg/detail/actuator_command__rosidl_typesupport_fastrtps_cpp.hpp
[17.647s] -- Installing: /home/yucheng/mpc_motion_control_projects/install/mpc_car_control/include/mpc_car_control/msg/detail/control_command_body__rosidl_typesupport_fastrtps_cpp.hpp
[17.647s] -- Installing: /home/yucheng/mpc_motion_control_projects/install/mpc_car_control/include/mpc_car_control/msg/detail/wheel_ground_heights__rosidl_typesupport_fastrtps_cpp.hpp
[17.648s] -- Installing: /home/yucheng/mpc_motion_control_projects/install/mpc_car_control/include/mpc_car_control/msg/rosidl_typesupport_fastrtps_cpp__visibility_control.h
[17.648s] -- Installing: /home/yucheng/mpc_motion_control_projects/install/mpc_car_control/lib/libmpc_car_control__rosidl_typesupport_fastrtps_cpp.so
[17.648s] -- Set non-toolchain portion of runtime path of "/home/yucheng/mpc_motion_control_projects/install/mpc_car_control/lib/libmpc_car_control__rosidl_typesupport_fastrtps_cpp.so" to ""
[17.649s] -- Up-to-date: /home/yucheng/mpc_motion_control_projects/install/mpc_car_control/include/mpc_car_control
[17.649s] -- Up-to-date: /home/yucheng/mpc_motion_control_projects/install/mpc_car_control/include/mpc_car_control/msg
[17.649s] -- Installing: /home/yucheng/mpc_motion_control_projects/install/mpc_car_control/include/mpc_car_control/msg/rosidl_typesupport_introspection_c__visibility_control.h
[17.649s] -- Up-to-date: /home/yucheng/mpc_motion_control_projects/install/mpc_car_control/include/mpc_car_control/msg/detail
[17.649s] -- Installing: /home/yucheng/mpc_motion_control_projects/install/mpc_car_control/include/mpc_car_control/msg/detail/reference_trajectory__type_support.c
[17.650s] -- Installing: /home/yucheng/mpc_motion_control_projects/install/mpc_car_control/include/mpc_car_control/msg/detail/reference_trajectory__rosidl_typesupport_introspection_c.h
[17.650s] -- Installing: /home/yucheng/mpc_motion_control_projects/install/mpc_car_control/include/mpc_car_control/msg/detail/vehicle_state__type_support.c
[17.650s] -- Installing: /home/yucheng/mpc_motion_control_projects/install/mpc_car_control/include/mpc_car_control/msg/detail/wheel_ground_heights__type_support.c
[17.650s] -- Installing: /home/yucheng/mpc_motion_control_projects/install/mpc_car_control/include/mpc_car_control/msg/detail/vehicle_state__rosidl_typesupport_introspection_c.h
[17.650s] -- Installing: /home/yucheng/mpc_motion_control_projects/install/mpc_car_control/include/mpc_car_control/msg/detail/actuator_command__type_support.c
[17.650s] -- Installing: /home/yucheng/mpc_motion_control_projects/install/mpc_car_control/include/mpc_car_control/msg/detail/control_command_body__rosidl_typesupport_introspection_c.h
[17.650s] -- Installing: /home/yucheng/mpc_motion_control_projects/install/mpc_car_control/include/mpc_car_control/msg/detail/wheel_ground_heights__rosidl_typesupport_introspection_c.h
[17.650s] -- Installing: /home/yucheng/mpc_motion_control_projects/install/mpc_car_control/include/mpc_car_control/msg/detail/control_command_body__type_support.c
[17.651s] -- Installing: /home/yucheng/mpc_motion_control_projects/install/mpc_car_control/include/mpc_car_control/msg/detail/actuator_command__rosidl_typesupport_introspection_c.h
[17.651s] -- Installing: /home/yucheng/mpc_motion_control_projects/install/mpc_car_control/lib/libmpc_car_control__rosidl_typesupport_introspection_c.so
[17.651s] -- Set non-toolchain portion of runtime path of "/home/yucheng/mpc_motion_control_projects/install/mpc_car_control/lib/libmpc_car_control__rosidl_typesupport_introspection_c.so" to ""
[17.651s] -- Installing: /home/yucheng/mpc_motion_control_projects/install/mpc_car_control/lib/libmpc_car_control__rosidl_typesupport_c.so
[17.652s] -- Set non-toolchain portion of runtime path of "/home/yucheng/mpc_motion_control_projects/install/mpc_car_control/lib/libmpc_car_control__rosidl_typesupport_c.so" to ""
[17.652s] -- Up-to-date: /home/yucheng/mpc_motion_control_projects/install/mpc_car_control/include/mpc_car_control
[17.652s] -- Up-to-date: /home/yucheng/mpc_motion_control_projects/install/mpc_car_control/include/mpc_car_control/msg
[17.652s] -- Installing: /home/yucheng/mpc_motion_control_projects/install/mpc_car_control/include/mpc_car_control/msg/wheel_ground_heights.hpp
[17.652s] -- Up-to-date: /home/yucheng/mpc_motion_control_projects/install/mpc_car_control/include/mpc_car_control/msg/detail
[17.652s] -- Installing: /home/yucheng/mpc_motion_control_projects/install/mpc_car_control/include/mpc_car_control/msg/detail/wheel_ground_heights__type_support.hpp
[17.652s] -- Installing: /home/yucheng/mpc_motion_control_projects/install/mpc_car_control/include/mpc_car_control/msg/detail/reference_trajectory__traits.hpp
[17.653s] -- Installing: /home/yucheng/mpc_motion_control_projects/install/mpc_car_control/include/mpc_car_control/msg/detail/reference_trajectory__builder.hpp
[17.653s] -- Installing: /home/yucheng/mpc_motion_control_projects/install/mpc_car_control/include/mpc_car_control/msg/detail/control_command_body__type_support.hpp
[17.653s] -- Installing: /home/yucheng/mpc_motion_control_projects/install/mpc_car_control/include/mpc_car_control/msg/detail/actuator_command__struct.hpp
[17.653s] -- Installing: /home/yucheng/mpc_motion_control_projects/install/mpc_car_control/include/mpc_car_control/msg/detail/wheel_ground_heights__builder.hpp
[17.653s] -- Installing: /home/yucheng/mpc_motion_control_projects/install/mpc_car_control/include/mpc_car_control/msg/detail/vehicle_state__type_support.hpp
[17.653s] -- Installing: /home/yucheng/mpc_motion_control_projects/install/mpc_car_control/include/mpc_car_control/msg/detail/vehicle_state__builder.hpp
[17.653s] -- Installing: /home/yucheng/mpc_motion_control_projects/install/mpc_car_control/include/mpc_car_control/msg/detail/actuator_command__traits.hpp
[17.653s] -- Installing: /home/yucheng/mpc_motion_control_projects/install/mpc_car_control/include/mpc_car_control/msg/detail/wheel_ground_heights__traits.hpp
[17.653s] -- Installing: /home/yucheng/mpc_motion_control_projects/install/mpc_car_control/include/mpc_car_control/msg/detail/actuator_command__type_support.hpp
[17.653s] -- Installing: /home/yucheng/mpc_motion_control_projects/install/mpc_car_control/include/mpc_car_control/msg/detail/control_command_body__struct.hpp
[17.654s] -- Installing: /home/yucheng/mpc_motion_control_projects/install/mpc_car_control/include/mpc_car_control/msg/detail/control_command_body__builder.hpp
[17.654s] -- Installing: /home/yucheng/mpc_motion_control_projects/install/mpc_car_control/include/mpc_car_control/msg/detail/wheel_ground_heights__struct.hpp
[17.654s] -- Installing: /home/yucheng/mpc_motion_control_projects/install/mpc_car_control/include/mpc_car_control/msg/detail/actuator_command__builder.hpp
[17.654s] -- Installing: /home/yucheng/mpc_motion_control_projects/install/mpc_car_control/include/mpc_car_control/msg/detail/reference_trajectory__struct.hpp
[17.654s] -- Installing: /home/yucheng/mpc_motion_control_projects/install/mpc_car_control/include/mpc_car_control/msg/detail/vehicle_state__traits.hpp
[17.654s] -- Installing: /home/yucheng/mpc_motion_control_projects/install/mpc_car_control/include/mpc_car_control/msg/detail/vehicle_state__struct.hpp
[17.654s] -- Installing: /home/yucheng/mpc_motion_control_projects/install/mpc_car_control/include/mpc_car_control/msg/detail/control_command_body__traits.hpp
[17.654s] -- Installing: /home/yucheng/mpc_motion_control_projects/install/mpc_car_control/include/mpc_car_control/msg/detail/reference_trajectory__type_support.hpp
[17.655s] -- Installing: /home/yucheng/mpc_motion_control_projects/install/mpc_car_control/include/mpc_car_control/msg/vehicle_state.hpp
[17.655s] -- Installing: /home/yucheng/mpc_motion_control_projects/install/mpc_car_control/include/mpc_car_control/msg/rosidl_generator_cpp__visibility_control.hpp
[17.655s] -- Installing: /home/yucheng/mpc_motion_control_projects/install/mpc_car_control/include/mpc_car_control/msg/actuator_command.hpp
[17.655s] -- Installing: /home/yucheng/mpc_motion_control_projects/install/mpc_car_control/include/mpc_car_control/msg/reference_trajectory.hpp
[17.655s] -- Installing: /home/yucheng/mpc_motion_control_projects/install/mpc_car_control/include/mpc_car_control/msg/control_command_body.hpp
[17.655s] -- Up-to-date: /home/yucheng/mpc_motion_control_projects/install/mpc_car_control/include/mpc_car_control
[17.656s] -- Up-to-date: /home/yucheng/mpc_motion_control_projects/install/mpc_car_control/include/mpc_car_control/msg
[17.656s] -- Up-to-date: /home/yucheng/mpc_motion_control_projects/install/mpc_car_control/include/mpc_car_control/msg/detail
[17.656s] -- Installing: /home/yucheng/mpc_motion_control_projects/install/mpc_car_control/include/mpc_car_control/msg/detail/reference_trajectory__type_support.cpp
[17.656s] -- Installing: /home/yucheng/mpc_motion_control_projects/install/mpc_car_control/include/mpc_car_control/msg/detail/actuator_command__rosidl_typesupport_introspection_cpp.hpp
[17.656s] -- Installing: /home/yucheng/mpc_motion_control_projects/install/mpc_car_control/include/mpc_car_control/msg/detail/wheel_ground_heights__type_support.cpp
[17.656s] -- Installing: /home/yucheng/mpc_motion_control_projects/install/mpc_car_control/include/mpc_car_control/msg/detail/vehicle_state__rosidl_typesupport_introspection_cpp.hpp
[17.656s] -- Installing: /home/yucheng/mpc_motion_control_projects/install/mpc_car_control/include/mpc_car_control/msg/detail/control_command_body__type_support.cpp
[17.657s] -- Installing: /home/yucheng/mpc_motion_control_projects/install/mpc_car_control/include/mpc_car_control/msg/detail/wheel_ground_heights__rosidl_typesupport_introspection_cpp.hpp
[17.657s] -- Installing: /home/yucheng/mpc_motion_control_projects/install/mpc_car_control/include/mpc_car_control/msg/detail/vehicle_state__type_support.cpp
[17.657s] -- Installing: /home/yucheng/mpc_motion_control_projects/install/mpc_car_control/include/mpc_car_control/msg/detail/actuator_command__type_support.cpp
[17.657s] -- Installing: /home/yucheng/mpc_motion_control_projects/install/mpc_car_control/include/mpc_car_control/msg/detail/control_command_body__rosidl_typesupport_introspection_cpp.hpp
[17.657s] -- Installing: /home/yucheng/mpc_motion_control_projects/install/mpc_car_control/include/mpc_car_control/msg/detail/reference_trajectory__rosidl_typesupport_introspection_cpp.hpp
[17.657s] -- Installing: /home/yucheng/mpc_motion_control_projects/install/mpc_car_control/lib/libmpc_car_control__rosidl_typesupport_introspection_cpp.so
[17.658s] -- Set non-toolchain portion of runtime path of "/home/yucheng/mpc_motion_control_projects/install/mpc_car_control/lib/libmpc_car_control__rosidl_typesupport_introspection_cpp.so" to ""
[17.658s] -- Installing: /home/yucheng/mpc_motion_control_projects/install/mpc_car_control/lib/libmpc_car_control__rosidl_typesupport_cpp.so
[17.658s] -- Set non-toolchain portion of runtime path of "/home/yucheng/mpc_motion_control_projects/install/mpc_car_control/lib/libmpc_car_control__rosidl_typesupport_cpp.so" to ""
[17.658s] -- Installing: /home/yucheng/mpc_motion_control_projects/install/mpc_car_control/share/mpc_car_control/environment/pythonpath.sh
[17.659s] -- Installing: /home/yucheng/mpc_motion_control_projects/install/mpc_car_control/share/mpc_car_control/environment/pythonpath.dsv
[17.659s] -- Installing: /home/yucheng/mpc_motion_control_projects/install/mpc_car_control/lib/python3.8/site-packages/mpc_car_control/__init__.py
[17.687s] Compiling '/home/yucheng/mpc_motion_control_projects/install/mpc_car_control/lib/python3.8/site-packages/mpc_car_control/__init__.py'...
[17.690s] -- Installing: /home/yucheng/mpc_motion_control_projects/install/mpc_car_control/lib/python3.8/site-packages/mpc_car_control/msg
[17.690s] -- Installing: /home/yucheng/mpc_motion_control_projects/install/mpc_car_control/lib/python3.8/site-packages/mpc_car_control/msg/_reference_trajectory_s.c
[17.691s] -- Installing: /home/yucheng/mpc_motion_control_projects/install/mpc_car_control/lib/python3.8/site-packages/mpc_car_control/msg/_actuator_command.py
[17.691s] -- Installing: /home/yucheng/mpc_motion_control_projects/install/mpc_car_control/lib/python3.8/site-packages/mpc_car_control/msg/_vehicle_state.py
[17.691s] -- Installing: /home/yucheng/mpc_motion_control_projects/install/mpc_car_control/lib/python3.8/site-packages/mpc_car_control/msg/__init__.py
[17.691s] -- Installing: /home/yucheng/mpc_motion_control_projects/install/mpc_car_control/lib/python3.8/site-packages/mpc_car_control/msg/_wheel_ground_heights.py
[17.691s] -- Installing: /home/yucheng/mpc_motion_control_projects/install/mpc_car_control/lib/python3.8/site-packages/mpc_car_control/msg/_control_command_body_s.c
[17.691s] -- Installing: /home/yucheng/mpc_motion_control_projects/install/mpc_car_control/lib/python3.8/site-packages/mpc_car_control/msg/_wheel_ground_heights_s.c
[17.691s] -- Installing: /home/yucheng/mpc_motion_control_projects/install/mpc_car_control/lib/python3.8/site-packages/mpc_car_control/msg/_actuator_command_s.c
[17.691s] -- Installing: /home/yucheng/mpc_motion_control_projects/install/mpc_car_control/lib/python3.8/site-packages/mpc_car_control/msg/_control_command_body.py
[17.691s] -- Installing: /home/yucheng/mpc_motion_control_projects/install/mpc_car_control/lib/python3.8/site-packages/mpc_car_control/msg/_vehicle_state_s.c
[17.692s] -- Installing: /home/yucheng/mpc_motion_control_projects/install/mpc_car_control/lib/python3.8/site-packages/mpc_car_control/msg/_reference_trajectory.py
[17.692s] -- Installing: /home/yucheng/mpc_motion_control_projects/install/mpc_car_control/lib/python3.8/site-packages/mpc_car_control/mpc_car_control_s__rosidl_typesupport_fastrtps_c.cpython-38-x86_64-linux-gnu.so
[17.692s] -- Set non-toolchain portion of runtime path of "/home/yucheng/mpc_motion_control_projects/install/mpc_car_control/lib/python3.8/site-packages/mpc_car_control/mpc_car_control_s__rosidl_typesupport_fastrtps_c.cpython-38-x86_64-linux-gnu.so" to ""
[17.692s] -- Installing: /home/yucheng/mpc_motion_control_projects/install/mpc_car_control/lib/python3.8/site-packages/mpc_car_control/mpc_car_control_s__rosidl_typesupport_introspection_c.cpython-38-x86_64-linux-gnu.so
[17.693s] -- Set non-toolchain portion of runtime path of "/home/yucheng/mpc_motion_control_projects/install/mpc_car_control/lib/python3.8/site-packages/mpc_car_control/mpc_car_control_s__rosidl_typesupport_introspection_c.cpython-38-x86_64-linux-gnu.so" to ""
[17.693s] -- Installing: /home/yucheng/mpc_motion_control_projects/install/mpc_car_control/lib/python3.8/site-packages/mpc_car_control/mpc_car_control_s__rosidl_typesupport_c.cpython-38-x86_64-linux-gnu.so
[17.693s] -- Set non-toolchain portion of runtime path of "/home/yucheng/mpc_motion_control_projects/install/mpc_car_control/lib/python3.8/site-packages/mpc_car_control/mpc_car_control_s__rosidl_typesupport_c.cpython-38-x86_64-linux-gnu.so" to ""
[17.693s] -- Installing: /home/yucheng/mpc_motion_control_projects/install/mpc_car_control/lib/libmpc_car_control__python.so
[17.694s] -- Set non-toolchain portion of runtime path of "/home/yucheng/mpc_motion_control_projects/install/mpc_car_control/lib/libmpc_car_control__python.so" to ""
[17.694s] -- Installing: /home/yucheng/mpc_motion_control_projects/install/mpc_car_control/share/mpc_car_control/msg/VehicleState.idl
[17.694s] -- Installing: /home/yucheng/mpc_motion_control_projects/install/mpc_car_control/share/mpc_car_control/msg/ReferenceTrajectory.idl
[17.694s] -- Installing: /home/yucheng/mpc_motion_control_projects/install/mpc_car_control/share/mpc_car_control/msg/ControlCommandBody.idl
[17.694s] -- Installing: /home/yucheng/mpc_motion_control_projects/install/mpc_car_control/share/mpc_car_control/msg/ActuatorCommand.idl
[17.694s] -- Installing: /home/yucheng/mpc_motion_control_projects/install/mpc_car_control/share/mpc_car_control/msg/WheelGroundHeights.idl
[17.694s] -- Installing: /home/yucheng/mpc_motion_control_projects/install/mpc_car_control/share/mpc_car_control/msg/VehicleState.msg
[17.694s] -- Installing: /home/yucheng/mpc_motion_control_projects/install/mpc_car_control/share/mpc_car_control/msg/ReferenceTrajectory.msg
[17.694s] -- Installing: /home/yucheng/mpc_motion_control_projects/install/mpc_car_control/share/mpc_car_control/msg/ControlCommandBody.msg
[17.694s] -- Installing: /home/yucheng/mpc_motion_control_projects/install/mpc_car_control/share/mpc_car_control/msg/ActuatorCommand.msg
[17.695s] -- Installing: /home/yucheng/mpc_motion_control_projects/install/mpc_car_control/share/mpc_car_control/msg/WheelGroundHeights.msg
[17.695s] -- Installing: /home/yucheng/mpc_motion_control_projects/install/mpc_car_control/lib/mpc_car_control/scenario_generator_node
[17.697s] -- Set non-toolchain portion of runtime path of "/home/yucheng/mpc_motion_control_projects/install/mpc_car_control/lib/mpc_car_control/scenario_generator_node" to ""
[17.697s] -- Installing: /home/yucheng/mpc_motion_control_projects/install/mpc_car_control/lib/mpc_car_control/mpc_controller_node
[17.702s] -- Set non-toolchain portion of runtime path of "/home/yucheng/mpc_motion_control_projects/install/mpc_car_control/lib/mpc_car_control/mpc_controller_node" to ""
[17.702s] -- Installing: /home/yucheng/mpc_motion_control_projects/install/mpc_car_control/lib/mpc_car_control/control_allocator_node
[17.705s] -- Set non-toolchain portion of runtime path of "/home/yucheng/mpc_motion_control_projects/install/mpc_car_control/lib/mpc_car_control/control_allocator_node" to ""
[17.705s] -- Installing: /home/yucheng/mpc_motion_control_projects/install/mpc_car_control/lib/mpc_car_control/pid_controller_node
[17.708s] -- Set non-toolchain portion of runtime path of "/home/yucheng/mpc_motion_control_projects/install/mpc_car_control/lib/mpc_car_control/pid_controller_node" to ""
[17.708s] -- Installing: /home/yucheng/mpc_motion_control_projects/install/mpc_car_control/lib/mpc_car_control/vehicle_interface_node
[17.711s] -- Set non-toolchain portion of runtime path of "/home/yucheng/mpc_motion_control_projects/install/mpc_car_control/lib/mpc_car_control/vehicle_interface_node" to ""
[17.711s] -- Installing: /home/yucheng/mpc_motion_control_projects/install/mpc_car_control/lib/mpc_car_control/visualization_node
[17.715s] -- Set non-toolchain portion of runtime path of "/home/yucheng/mpc_motion_control_projects/install/mpc_car_control/lib/mpc_car_control/visualization_node" to ""
[17.715s] -- Installing: /home/yucheng/mpc_motion_control_projects/install/mpc_car_control/lib/mpc_car_control/vehicle_model_node
[17.718s] -- Set non-toolchain portion of runtime path of "/home/yucheng/mpc_motion_control_projects/install/mpc_car_control/lib/mpc_car_control/vehicle_model_node" to ""
[17.719s] -- Installing: /home/yucheng/mpc_motion_control_projects/install/mpc_car_control/share/mpc_car_control/launch
[17.719s] -- Installing: /home/yucheng/mpc_motion_control_projects/install/mpc_car_control/share/mpc_car_control/launch/mpc_system.launch.py
[17.719s] -- Installing: /home/yucheng/mpc_motion_control_projects/install/mpc_car_control/share/mpc_car_control/launch/__pycache__
[17.719s] -- Installing: /home/yucheng/mpc_motion_control_projects/install/mpc_car_control/share/mpc_car_control/launch/__pycache__/mpc_system.launch.cpython-38.pyc
[17.719s] -- Installing: /home/yucheng/mpc_motion_control_projects/install/mpc_car_control/share/mpc_car_control/launch/__pycache__/mpc_system.launch.cpython-312.pyc
[17.719s] -- Installing: /home/yucheng/mpc_motion_control_projects/install/mpc_car_control/share/mpc_car_control/launch/default.rviz
[17.719s] -- Installing: /home/yucheng/mpc_motion_control_projects/install/mpc_car_control/lib/mpc_car_control/az_plotter.py
[17.719s] -- Installing: /home/yucheng/mpc_motion_control_projects/install/mpc_car_control/share/ament_index/resource_index/package_run_dependencies/mpc_car_control
[17.719s] -- Installing: /home/yucheng/mpc_motion_control_projects/install/mpc_car_control/share/ament_index/resource_index/parent_prefix_path/mpc_car_control
[17.719s] -- Installing: /home/yucheng/mpc_motion_control_projects/install/mpc_car_control/share/mpc_car_control/environment/ament_prefix_path.sh
[17.719s] -- Installing: /home/yucheng/mpc_motion_control_projects/install/mpc_car_control/share/mpc_car_control/environment/ament_prefix_path.dsv
[17.720s] -- Installing: /home/yucheng/mpc_motion_control_projects/install/mpc_car_control/share/mpc_car_control/environment/path.sh
[17.720s] -- Installing: /home/yucheng/mpc_motion_control_projects/install/mpc_car_control/share/mpc_car_control/environment/path.dsv
[17.720s] -- Installing: /home/yucheng/mpc_motion_control_projects/install/mpc_car_control/share/mpc_car_control/local_setup.bash
[17.720s] -- Installing: /home/yucheng/mpc_motion_control_projects/install/mpc_car_control/share/mpc_car_control/local_setup.sh
[17.720s] -- Installing: /home/yucheng/mpc_motion_control_projects/install/mpc_car_control/share/mpc_car_control/local_setup.zsh
[17.720s] -- Installing: /home/yucheng/mpc_motion_control_projects/install/mpc_car_control/share/mpc_car_control/local_setup.dsv
[17.720s] -- Installing: /home/yucheng/mpc_motion_control_projects/install/mpc_car_control/share/mpc_car_control/package.dsv
[17.721s] -- Installing: /home/yucheng/mpc_motion_control_projects/install/mpc_car_control/share/ament_index/resource_index/packages/mpc_car_control
[17.721s] -- Installing: /home/yucheng/mpc_motion_control_projects/install/mpc_car_control/share/mpc_car_control/cmake/mpc_car_control__rosidl_generator_cExport.cmake
[17.721s] -- Installing: /home/yucheng/mpc_motion_control_projects/install/mpc_car_control/share/mpc_car_control/cmake/mpc_car_control__rosidl_generator_cExport-noconfig.cmake
[17.721s] -- Installing: /home/yucheng/mpc_motion_control_projects/install/mpc_car_control/share/mpc_car_control/cmake/mpc_car_control__rosidl_typesupport_introspection_cExport.cmake
[17.721s] -- Installing: /home/yucheng/mpc_motion_control_projects/install/mpc_car_control/share/mpc_car_control/cmake/mpc_car_control__rosidl_typesupport_introspection_cExport-noconfig.cmake
[17.721s] -- Installing: /home/yucheng/mpc_motion_control_projects/install/mpc_car_control/share/mpc_car_control/cmake/mpc_car_control__rosidl_typesupport_cExport.cmake
[17.722s] -- Installing: /home/yucheng/mpc_motion_control_projects/install/mpc_car_control/share/mpc_car_control/cmake/mpc_car_control__rosidl_typesupport_cExport-noconfig.cmake
[17.722s] -- Installing: /home/yucheng/mpc_motion_control_projects/install/mpc_car_control/share/mpc_car_control/cmake/mpc_car_control__rosidl_generator_cppExport.cmake
[17.722s] -- Installing: /home/yucheng/mpc_motion_control_projects/install/mpc_car_control/share/mpc_car_control/cmake/mpc_car_control__rosidl_typesupport_introspection_cppExport.cmake
[17.722s] -- Installing: /home/yucheng/mpc_motion_control_projects/install/mpc_car_control/share/mpc_car_control/cmake/mpc_car_control__rosidl_typesupport_introspection_cppExport-noconfig.cmake
[17.722s] -- Installing: /home/yucheng/mpc_motion_control_projects/install/mpc_car_control/share/mpc_car_control/cmake/mpc_car_control__rosidl_typesupport_cppExport.cmake
[17.722s] -- Installing: /home/yucheng/mpc_motion_control_projects/install/mpc_car_control/share/mpc_car_control/cmake/mpc_car_control__rosidl_typesupport_cppExport-noconfig.cmake
[17.722s] -- Installing: /home/yucheng/mpc_motion_control_projects/install/mpc_car_control/share/mpc_car_control/cmake/rosidl_cmake-extras.cmake
[17.723s] -- Installing: /home/yucheng/mpc_motion_control_projects/install/mpc_car_control/share/mpc_car_control/cmake/ament_cmake_export_dependencies-extras.cmake
[17.723s] -- Installing: /home/yucheng/mpc_motion_control_projects/install/mpc_car_control/share/mpc_car_control/cmake/ament_cmake_export_libraries-extras.cmake
[17.723s] -- Installing: /home/yucheng/mpc_motion_control_projects/install/mpc_car_control/share/mpc_car_control/cmake/ament_cmake_export_targets-extras.cmake
[17.723s] -- Installing: /home/yucheng/mpc_motion_control_projects/install/mpc_car_control/share/mpc_car_control/cmake/ament_cmake_export_include_directories-extras.cmake
[17.723s] -- Installing: /home/yucheng/mpc_motion_control_projects/install/mpc_car_control/share/mpc_car_control/cmake/rosidl_cmake_export_typesupport_libraries-extras.cmake
[17.723s] -- Installing: /home/yucheng/mpc_motion_control_projects/install/mpc_car_control/share/mpc_car_control/cmake/rosidl_cmake_export_typesupport_targets-extras.cmake
[17.723s] -- Installing: /home/yucheng/mpc_motion_control_projects/install/mpc_car_control/share/mpc_car_control/cmake/mpc_car_controlConfig.cmake
[17.723s] -- Installing: /home/yucheng/mpc_motion_control_projects/install/mpc_car_control/share/mpc_car_control/cmake/mpc_car_controlConfig-version.cmake
[17.724s] -- Installing: /home/yucheng/mpc_motion_control_projects/install/mpc_car_control/share/mpc_car_control/package.xml
[17.728s] Invoked command in '/home/yucheng/mpc_motion_control_projects/build/mpc_car_control' returned '0': CMAKE_PREFIX_PATH=${CMAKE_PREFIX_PATH}:/opt/ros/foxy /usr/local/bin/cmake --install /home/yucheng/mpc_motion_control_projects/build/mpc_car_control
