[0.484s] DEBUG:colcon:Command line arguments: ['/home/yucheng/.local/bin/colcon', 'build', '--packages-select', 'mpc_car_control']
[0.484s] DEBUG:colcon:Parsed command line arguments: Namespace(allow_overriding=[], ament_cmake_args=None, base_paths=['.'], build_base='build', catkin_cmake_args=None, catkin_skip_building_tests=False, cmake_args=None, cmake_clean_cache=False, cmake_clean_first=False, cmake_force_configure=False, cmake_target=None, cmake_target_skip_unavailable=False, continue_on_error=False, event_handlers=None, executor='parallel', ignore_user_meta=False, install_base='install', log_base=None, log_level=None, main=<bound method BuildVerb.main of <colcon_core.verb.build.BuildVerb object at 0x7fa52f81d610>>, merge_install=False, metas=['./colcon.meta'], packages_above=None, packages_above_and_dependencies=None, packages_above_depth=None, packages_end=None, packages_ignore=None, packages_ignore_regex=None, packages_select=['mpc_car_control'], packages_select_build_failed=False, packages_select_by_dep=None, packages_select_regex=None, packages_select_test_failures=False, packages_skip=None, packages_skip_build_finished=False, packages_skip_by_dep=None, packages_skip_regex=None, packages_skip_test_passed=False, packages_skip_up_to=None, packages_start=None, packages_up_to=None, packages_up_to_regex=None, parallel_workers=12, paths=None, symlink_install=False, test_result_base=None, verb_extension=<colcon_core.verb.build.BuildVerb object at 0x7fa52f81d610>, verb_name='build', verb_parser=<colcon_defaults.argument_parser.defaults.DefaultArgumentsDecorator object at 0x7fa52f81dbe0>)
[0.513s] Level 1:colcon.colcon_core.package_discovery:discover_packages(colcon_meta) check parameters
[0.513s] Level 1:colcon.colcon_core.package_discovery:discover_packages(recursive) check parameters
[0.513s] Level 1:colcon.colcon_core.package_discovery:discover_packages(ignore) check parameters
[0.513s] Level 1:colcon.colcon_core.package_discovery:discover_packages(path) check parameters
[0.513s] Level 1:colcon.colcon_core.package_discovery:discover_packages(colcon_meta) discover
[0.513s] Level 1:colcon.colcon_core.package_discovery:discover_packages(recursive) discover
[0.513s] INFO:colcon.colcon_core.package_discovery:Crawling recursively for packages in '/home/yucheng/mpc_motion_control_projects'
[0.513s] Level 1:colcon.colcon_core.package_identification:_identify(.) by extensions ['ignore', 'ignore_ament_install']
[0.514s] Level 1:colcon.colcon_core.package_identification:_identify(.) by extension 'ignore'
[0.514s] Level 1:colcon.colcon_core.package_identification:_identify(.) by extension 'ignore_ament_install'
[0.514s] Level 1:colcon.colcon_core.package_identification:_identify(.) by extensions ['colcon_pkg']
[0.514s] Level 1:colcon.colcon_core.package_identification:_identify(.) by extension 'colcon_pkg'
[0.514s] Level 1:colcon.colcon_core.package_identification:_identify(.) by extensions ['colcon_meta']
[0.514s] Level 1:colcon.colcon_core.package_identification:_identify(.) by extension 'colcon_meta'
[0.514s] Level 1:colcon.colcon_core.package_identification:_identify(.) by extensions ['ros']
[0.514s] Level 1:colcon.colcon_core.package_identification:_identify(.) by extension 'ros'
[0.524s] Level 1:colcon.colcon_core.package_identification:_identify(.) by extensions ['cmake', 'python']
[0.524s] Level 1:colcon.colcon_core.package_identification:_identify(.) by extension 'cmake'
[0.524s] Level 1:colcon.colcon_core.package_identification:_identify(.) by extension 'python'
[0.524s] Level 1:colcon.colcon_core.package_identification:_identify(.) by extensions ['python_setup_py']
[0.524s] Level 1:colcon.colcon_core.package_identification:_identify(.) by extension 'python_setup_py'
[0.524s] Level 1:colcon.colcon_core.package_identification:_identify(build) by extensions ['ignore', 'ignore_ament_install']
[0.524s] Level 1:colcon.colcon_core.package_identification:_identify(build) by extension 'ignore'
[0.524s] Level 1:colcon.colcon_core.package_identification:_identify(build) ignored
[0.524s] Level 1:colcon.colcon_core.package_identification:_identify(install) by extensions ['ignore', 'ignore_ament_install']
[0.524s] Level 1:colcon.colcon_core.package_identification:_identify(install) by extension 'ignore'
[0.524s] Level 1:colcon.colcon_core.package_identification:_identify(install) ignored
[0.525s] Level 1:colcon.colcon_core.package_identification:_identify(log) by extensions ['ignore', 'ignore_ament_install']
[0.525s] Level 1:colcon.colcon_core.package_identification:_identify(log) by extension 'ignore'
[0.525s] Level 1:colcon.colcon_core.package_identification:_identify(log) ignored
[0.525s] Level 1:colcon.colcon_core.package_identification:_identify(mpc_ws) by extensions ['ignore', 'ignore_ament_install']
[0.525s] Level 1:colcon.colcon_core.package_identification:_identify(mpc_ws) by extension 'ignore'
[0.525s] Level 1:colcon.colcon_core.package_identification:_identify(mpc_ws) by extension 'ignore_ament_install'
[0.525s] Level 1:colcon.colcon_core.package_identification:_identify(mpc_ws) by extensions ['colcon_pkg']
[0.525s] Level 1:colcon.colcon_core.package_identification:_identify(mpc_ws) by extension 'colcon_pkg'
[0.525s] Level 1:colcon.colcon_core.package_identification:_identify(mpc_ws) by extensions ['colcon_meta']
[0.525s] Level 1:colcon.colcon_core.package_identification:_identify(mpc_ws) by extension 'colcon_meta'
[0.525s] Level 1:colcon.colcon_core.package_identification:_identify(mpc_ws) by extensions ['ros']
[0.525s] Level 1:colcon.colcon_core.package_identification:_identify(mpc_ws) by extension 'ros'
[0.525s] Level 1:colcon.colcon_core.package_identification:_identify(mpc_ws) by extensions ['cmake', 'python']
[0.525s] Level 1:colcon.colcon_core.package_identification:_identify(mpc_ws) by extension 'cmake'
[0.525s] Level 1:colcon.colcon_core.package_identification:_identify(mpc_ws) by extension 'python'
[0.525s] Level 1:colcon.colcon_core.package_identification:_identify(mpc_ws) by extensions ['python_setup_py']
[0.525s] Level 1:colcon.colcon_core.package_identification:_identify(mpc_ws) by extension 'python_setup_py'
[0.525s] Level 1:colcon.colcon_core.package_identification:_identify(mpc_ws/build) by extensions ['ignore', 'ignore_ament_install']
[0.526s] Level 1:colcon.colcon_core.package_identification:_identify(mpc_ws/build) by extension 'ignore'
[0.526s] Level 1:colcon.colcon_core.package_identification:_identify(mpc_ws/build) ignored
[0.526s] Level 1:colcon.colcon_core.package_identification:_identify(mpc_ws/install) by extensions ['ignore', 'ignore_ament_install']
[0.526s] Level 1:colcon.colcon_core.package_identification:_identify(mpc_ws/install) by extension 'ignore'
[0.526s] Level 1:colcon.colcon_core.package_identification:_identify(mpc_ws/install) ignored
[0.526s] Level 1:colcon.colcon_core.package_identification:_identify(mpc_ws/log) by extensions ['ignore', 'ignore_ament_install']
[0.526s] Level 1:colcon.colcon_core.package_identification:_identify(mpc_ws/log) by extension 'ignore'
[0.526s] Level 1:colcon.colcon_core.package_identification:_identify(mpc_ws/log) ignored
[0.526s] Level 1:colcon.colcon_core.package_identification:_identify(mpc_ws/src) by extensions ['ignore', 'ignore_ament_install']
[0.526s] Level 1:colcon.colcon_core.package_identification:_identify(mpc_ws/src) by extension 'ignore'
[0.526s] Level 1:colcon.colcon_core.package_identification:_identify(mpc_ws/src) by extension 'ignore_ament_install'
[0.526s] Level 1:colcon.colcon_core.package_identification:_identify(mpc_ws/src) by extensions ['colcon_pkg']
[0.527s] Level 1:colcon.colcon_core.package_identification:_identify(mpc_ws/src) by extension 'colcon_pkg'
[0.527s] Level 1:colcon.colcon_core.package_identification:_identify(mpc_ws/src) by extensions ['colcon_meta']
[0.527s] Level 1:colcon.colcon_core.package_identification:_identify(mpc_ws/src) by extension 'colcon_meta'
[0.527s] Level 1:colcon.colcon_core.package_identification:_identify(mpc_ws/src) by extensions ['ros']
[0.527s] Level 1:colcon.colcon_core.package_identification:_identify(mpc_ws/src) by extension 'ros'
[0.527s] Level 1:colcon.colcon_core.package_identification:_identify(mpc_ws/src) by extensions ['cmake', 'python']
[0.527s] Level 1:colcon.colcon_core.package_identification:_identify(mpc_ws/src) by extension 'cmake'
[0.527s] Level 1:colcon.colcon_core.package_identification:_identify(mpc_ws/src) by extension 'python'
[0.527s] Level 1:colcon.colcon_core.package_identification:_identify(mpc_ws/src) by extensions ['python_setup_py']
[0.527s] Level 1:colcon.colcon_core.package_identification:_identify(mpc_ws/src) by extension 'python_setup_py'
[0.527s] Level 1:colcon.colcon_core.package_identification:_identify(mpc_ws/src/mpc_car_control) by extensions ['ignore', 'ignore_ament_install']
[0.527s] Level 1:colcon.colcon_core.package_identification:_identify(mpc_ws/src/mpc_car_control) by extension 'ignore'
[0.527s] Level 1:colcon.colcon_core.package_identification:_identify(mpc_ws/src/mpc_car_control) by extension 'ignore_ament_install'
[0.527s] Level 1:colcon.colcon_core.package_identification:_identify(mpc_ws/src/mpc_car_control) by extensions ['colcon_pkg']
[0.527s] Level 1:colcon.colcon_core.package_identification:_identify(mpc_ws/src/mpc_car_control) by extension 'colcon_pkg'
[0.527s] Level 1:colcon.colcon_core.package_identification:_identify(mpc_ws/src/mpc_car_control) by extensions ['colcon_meta']
[0.527s] Level 1:colcon.colcon_core.package_identification:_identify(mpc_ws/src/mpc_car_control) by extension 'colcon_meta'
[0.527s] Level 1:colcon.colcon_core.package_identification:_identify(mpc_ws/src/mpc_car_control) by extensions ['ros']
[0.527s] Level 1:colcon.colcon_core.package_identification:_identify(mpc_ws/src/mpc_car_control) by extension 'ros'
[0.530s] DEBUG:colcon.colcon_core.package_identification:Package 'mpc_ws/src/mpc_car_control' with type 'ros.ament_cmake' and name 'mpc_car_control'
[0.530s] Level 1:colcon.colcon_core.package_discovery:discover_packages(recursive) using defaults
[0.530s] Level 1:colcon.colcon_core.package_discovery:discover_packages(ignore) discover
[0.530s] Level 1:colcon.colcon_core.package_discovery:discover_packages(ignore) using defaults
[0.530s] Level 1:colcon.colcon_core.package_discovery:discover_packages(path) discover
[0.530s] Level 1:colcon.colcon_core.package_discovery:discover_packages(path) using defaults
[0.560s] Level 1:colcon.colcon_core.package_discovery:discover_packages(prefix_path) check parameters
[0.560s] Level 1:colcon.colcon_core.package_discovery:discover_packages(prefix_path) discover
[0.568s] DEBUG:colcon.colcon_installed_package_information.package_discovery:Found 1 installed packages in /home/yucheng/mpc_motion_control_projects/mpc_ws/install
[0.572s] DEBUG:colcon.colcon_installed_package_information.package_discovery:Found 256 installed packages in /opt/ros/foxy
[0.574s] Level 1:colcon.colcon_core.package_discovery:discover_packages(prefix_path) using defaults
[0.634s] Level 5:colcon.colcon_core.verb:set package 'mpc_car_control' build argument 'cmake_args' from command line to 'None'
[0.634s] Level 5:colcon.colcon_core.verb:set package 'mpc_car_control' build argument 'cmake_target' from command line to 'None'
[0.634s] Level 5:colcon.colcon_core.verb:set package 'mpc_car_control' build argument 'cmake_target_skip_unavailable' from command line to 'False'
[0.634s] Level 5:colcon.colcon_core.verb:set package 'mpc_car_control' build argument 'cmake_clean_cache' from command line to 'False'
[0.634s] Level 5:colcon.colcon_core.verb:set package 'mpc_car_control' build argument 'cmake_clean_first' from command line to 'False'
[0.634s] Level 5:colcon.colcon_core.verb:set package 'mpc_car_control' build argument 'cmake_force_configure' from command line to 'False'
[0.634s] Level 5:colcon.colcon_core.verb:set package 'mpc_car_control' build argument 'ament_cmake_args' from command line to 'None'
[0.634s] Level 5:colcon.colcon_core.verb:set package 'mpc_car_control' build argument 'catkin_cmake_args' from command line to 'None'
[0.634s] Level 5:colcon.colcon_core.verb:set package 'mpc_car_control' build argument 'catkin_skip_building_tests' from command line to 'False'
[0.634s] DEBUG:colcon.colcon_core.verb:Building package 'mpc_car_control' with the following arguments: {'ament_cmake_args': None, 'build_base': '/home/yucheng/mpc_motion_control_projects/build/mpc_car_control', 'catkin_cmake_args': None, 'catkin_skip_building_tests': False, 'cmake_args': None, 'cmake_clean_cache': False, 'cmake_clean_first': False, 'cmake_force_configure': False, 'cmake_target': None, 'cmake_target_skip_unavailable': False, 'install_base': '/home/yucheng/mpc_motion_control_projects/install/mpc_car_control', 'merge_install': False, 'path': '/home/yucheng/mpc_motion_control_projects/mpc_ws/src/mpc_car_control', 'symlink_install': False, 'test_result_base': None}
[0.636s] INFO:colcon.colcon_core.executor:Executing jobs using 'parallel' executor
[0.647s] DEBUG:colcon.colcon_parallel_executor.executor.parallel:run_until_complete
[0.647s] INFO:colcon.colcon_ros.task.ament_cmake.build:Building ROS package in '/home/yucheng/mpc_motion_control_projects/mpc_ws/src/mpc_car_control' with build type 'ament_cmake'
[0.647s] INFO:colcon.colcon_cmake.task.cmake.build:Building CMake package in '/home/yucheng/mpc_motion_control_projects/mpc_ws/src/mpc_car_control'
[0.655s] INFO:colcon.colcon_core.plugin_system:Skipping extension 'colcon_core.shell.bat': Not used on non-Windows systems
[0.655s] INFO:colcon.colcon_core.shell:Skip shell extension 'powershell' for command environment: Not usable outside of PowerShell
[0.655s] DEBUG:colcon.colcon_core.shell:Skip shell extension 'dsv' for command environment
[0.677s] DEBUG:colcon.colcon_core.event_handler.log_command:Invoking command in '/home/yucheng/mpc_motion_control_projects/build/mpc_car_control': CMAKE_PREFIX_PATH=${CMAKE_PREFIX_PATH}:/opt/ros/foxy /usr/local/bin/cmake /home/yucheng/mpc_motion_control_projects/mpc_ws/src/mpc_car_control -DCMAKE_INSTALL_PREFIX=/home/yucheng/mpc_motion_control_projects/install/mpc_car_control
[2.390s] DEBUG:colcon.colcon_core.event_handler.log_command:Invoked command in '/home/yucheng/mpc_motion_control_projects/build/mpc_car_control' returned '0': CMAKE_PREFIX_PATH=${CMAKE_PREFIX_PATH}:/opt/ros/foxy /usr/local/bin/cmake /home/yucheng/mpc_motion_control_projects/mpc_ws/src/mpc_car_control -DCMAKE_INSTALL_PREFIX=/home/yucheng/mpc_motion_control_projects/install/mpc_car_control
[2.393s] DEBUG:colcon.colcon_core.event_handler.log_command:Invoking command in '/home/yucheng/mpc_motion_control_projects/build/mpc_car_control': CMAKE_PREFIX_PATH=${CMAKE_PREFIX_PATH}:/opt/ros/foxy /usr/local/bin/cmake --build /home/yucheng/mpc_motion_control_projects/build/mpc_car_control -- -j12 -l12
[18.013s] DEBUG:colcon.colcon_core.event_handler.log_command:Invoked command in '/home/yucheng/mpc_motion_control_projects/build/mpc_car_control' returned '0': CMAKE_PREFIX_PATH=${CMAKE_PREFIX_PATH}:/opt/ros/foxy /usr/local/bin/cmake --build /home/yucheng/mpc_motion_control_projects/build/mpc_car_control -- -j12 -l12
[18.275s] DEBUG:colcon.colcon_core.event_handler.log_command:Invoking command in '/home/yucheng/mpc_motion_control_projects/build/mpc_car_control': CMAKE_PREFIX_PATH=${CMAKE_PREFIX_PATH}:/opt/ros/foxy /usr/local/bin/cmake --install /home/yucheng/mpc_motion_control_projects/build/mpc_car_control
[18.374s] Level 1:colcon.colcon_core.environment:create_environment_scripts_only(mpc_car_control)
[18.377s] DEBUG:colcon.colcon_core.event_handler.log_command:Invoked command in '/home/yucheng/mpc_motion_control_projects/build/mpc_car_control' returned '0': CMAKE_PREFIX_PATH=${CMAKE_PREFIX_PATH}:/opt/ros/foxy /usr/local/bin/cmake --install /home/yucheng/mpc_motion_control_projects/build/mpc_car_control
[18.387s] Level 1:colcon.colcon_core.environment:checking '/home/yucheng/mpc_motion_control_projects/install/mpc_car_control' for CMake module files
[18.388s] Level 1:colcon.colcon_core.environment:checking '/home/yucheng/mpc_motion_control_projects/install/mpc_car_control' for CMake config files
[18.388s] Level 1:colcon.colcon_core.shell:create_environment_hook('mpc_car_control', 'cmake_prefix_path')
[18.393s] INFO:colcon.colcon_core.shell:Creating environment hook '/home/yucheng/mpc_motion_control_projects/install/mpc_car_control/share/mpc_car_control/hook/cmake_prefix_path.ps1'
[18.394s] INFO:colcon.colcon_core.shell:Creating environment descriptor '/home/yucheng/mpc_motion_control_projects/install/mpc_car_control/share/mpc_car_control/hook/cmake_prefix_path.dsv'
[18.394s] INFO:colcon.colcon_core.shell:Creating environment hook '/home/yucheng/mpc_motion_control_projects/install/mpc_car_control/share/mpc_car_control/hook/cmake_prefix_path.sh'
[18.395s] Level 1:colcon.colcon_core.environment:checking '/home/yucheng/mpc_motion_control_projects/install/mpc_car_control/lib'
[18.395s] Level 1:colcon.colcon_core.shell:create_environment_hook('mpc_car_control', 'ld_library_path_lib')
[18.400s] INFO:colcon.colcon_core.shell:Creating environment hook '/home/yucheng/mpc_motion_control_projects/install/mpc_car_control/share/mpc_car_control/hook/ld_library_path_lib.ps1'
[18.400s] INFO:colcon.colcon_core.shell:Creating environment descriptor '/home/yucheng/mpc_motion_control_projects/install/mpc_car_control/share/mpc_car_control/hook/ld_library_path_lib.dsv'
[18.400s] INFO:colcon.colcon_core.shell:Creating environment hook '/home/yucheng/mpc_motion_control_projects/install/mpc_car_control/share/mpc_car_control/hook/ld_library_path_lib.sh'
[18.400s] Level 1:colcon.colcon_core.environment:checking '/home/yucheng/mpc_motion_control_projects/install/mpc_car_control/bin'
[18.401s] Level 1:colcon.colcon_core.environment:checking '/home/yucheng/mpc_motion_control_projects/install/mpc_car_control/lib/pkgconfig/mpc_car_control.pc'
[18.401s] Level 1:colcon.colcon_core.environment:checking '/home/yucheng/mpc_motion_control_projects/install/mpc_car_control/lib/python3.8/site-packages'
[18.401s] Level 1:colcon.colcon_core.shell:create_environment_hook('mpc_car_control', 'pythonpath')
[18.406s] INFO:colcon.colcon_core.shell:Creating environment hook '/home/yucheng/mpc_motion_control_projects/install/mpc_car_control/share/mpc_car_control/hook/pythonpath.ps1'
[18.406s] INFO:colcon.colcon_core.shell:Creating environment descriptor '/home/yucheng/mpc_motion_control_projects/install/mpc_car_control/share/mpc_car_control/hook/pythonpath.dsv'
[18.406s] INFO:colcon.colcon_core.shell:Creating environment hook '/home/yucheng/mpc_motion_control_projects/install/mpc_car_control/share/mpc_car_control/hook/pythonpath.sh'
[18.406s] Level 1:colcon.colcon_core.environment:checking '/home/yucheng/mpc_motion_control_projects/install/mpc_car_control/bin'
[18.411s] INFO:colcon.colcon_core.shell:Creating package script '/home/yucheng/mpc_motion_control_projects/install/mpc_car_control/share/mpc_car_control/package.ps1'
[18.412s] INFO:colcon.colcon_core.shell:Creating package descriptor '/home/yucheng/mpc_motion_control_projects/install/mpc_car_control/share/mpc_car_control/package.dsv'
[18.413s] INFO:colcon.colcon_core.shell:Creating package script '/home/yucheng/mpc_motion_control_projects/install/mpc_car_control/share/mpc_car_control/package.sh'
[18.413s] INFO:colcon.colcon_core.shell:Creating package script '/home/yucheng/mpc_motion_control_projects/install/mpc_car_control/share/mpc_car_control/package.bash'
[18.414s] INFO:colcon.colcon_core.shell:Creating package script '/home/yucheng/mpc_motion_control_projects/install/mpc_car_control/share/mpc_car_control/package.zsh'
[18.414s] Level 1:colcon.colcon_core.environment:create_file_with_runtime_dependencies(/home/yucheng/mpc_motion_control_projects/install/mpc_car_control/share/colcon-core/packages/mpc_car_control)
[18.541s] Level 1:colcon.colcon_core.environment:create_environment_scripts_only(mpc_car_control)
[18.549s] Level 1:colcon.colcon_core.environment:checking '/home/yucheng/mpc_motion_control_projects/install/mpc_car_control' for CMake module files
[18.550s] Level 1:colcon.colcon_core.environment:checking '/home/yucheng/mpc_motion_control_projects/install/mpc_car_control' for CMake config files
[18.550s] Level 1:colcon.colcon_core.shell:create_environment_hook('mpc_car_control', 'cmake_prefix_path')
[18.555s] INFO:colcon.colcon_core.shell:Creating environment hook '/home/yucheng/mpc_motion_control_projects/install/mpc_car_control/share/mpc_car_control/hook/cmake_prefix_path.ps1'
[18.555s] INFO:colcon.colcon_core.shell:Creating environment descriptor '/home/yucheng/mpc_motion_control_projects/install/mpc_car_control/share/mpc_car_control/hook/cmake_prefix_path.dsv'
[18.556s] INFO:colcon.colcon_core.shell:Creating environment hook '/home/yucheng/mpc_motion_control_projects/install/mpc_car_control/share/mpc_car_control/hook/cmake_prefix_path.sh'
[18.556s] Level 1:colcon.colcon_core.environment:checking '/home/yucheng/mpc_motion_control_projects/install/mpc_car_control/lib'
[18.556s] Level 1:colcon.colcon_core.shell:create_environment_hook('mpc_car_control', 'ld_library_path_lib')
[18.561s] INFO:colcon.colcon_core.shell:Creating environment hook '/home/yucheng/mpc_motion_control_projects/install/mpc_car_control/share/mpc_car_control/hook/ld_library_path_lib.ps1'
[18.561s] INFO:colcon.colcon_core.shell:Creating environment descriptor '/home/yucheng/mpc_motion_control_projects/install/mpc_car_control/share/mpc_car_control/hook/ld_library_path_lib.dsv'
[18.561s] INFO:colcon.colcon_core.shell:Creating environment hook '/home/yucheng/mpc_motion_control_projects/install/mpc_car_control/share/mpc_car_control/hook/ld_library_path_lib.sh'
[18.562s] Level 1:colcon.colcon_core.environment:checking '/home/yucheng/mpc_motion_control_projects/install/mpc_car_control/bin'
[18.562s] Level 1:colcon.colcon_core.environment:checking '/home/yucheng/mpc_motion_control_projects/install/mpc_car_control/lib/pkgconfig/mpc_car_control.pc'
[18.562s] Level 1:colcon.colcon_core.environment:checking '/home/yucheng/mpc_motion_control_projects/install/mpc_car_control/lib/python3.8/site-packages'
[18.562s] Level 1:colcon.colcon_core.shell:create_environment_hook('mpc_car_control', 'pythonpath')
[18.567s] INFO:colcon.colcon_core.shell:Creating environment hook '/home/yucheng/mpc_motion_control_projects/install/mpc_car_control/share/mpc_car_control/hook/pythonpath.ps1'
[18.567s] INFO:colcon.colcon_core.shell:Creating environment descriptor '/home/yucheng/mpc_motion_control_projects/install/mpc_car_control/share/mpc_car_control/hook/pythonpath.dsv'
[18.567s] INFO:colcon.colcon_core.shell:Creating environment hook '/home/yucheng/mpc_motion_control_projects/install/mpc_car_control/share/mpc_car_control/hook/pythonpath.sh'
[18.568s] Level 1:colcon.colcon_core.environment:checking '/home/yucheng/mpc_motion_control_projects/install/mpc_car_control/bin'
[18.573s] INFO:colcon.colcon_core.shell:Creating package script '/home/yucheng/mpc_motion_control_projects/install/mpc_car_control/share/mpc_car_control/package.ps1'
[18.573s] INFO:colcon.colcon_core.shell:Creating package descriptor '/home/yucheng/mpc_motion_control_projects/install/mpc_car_control/share/mpc_car_control/package.dsv'
[18.574s] INFO:colcon.colcon_core.shell:Creating package script '/home/yucheng/mpc_motion_control_projects/install/mpc_car_control/share/mpc_car_control/package.sh'
[18.574s] INFO:colcon.colcon_core.shell:Creating package script '/home/yucheng/mpc_motion_control_projects/install/mpc_car_control/share/mpc_car_control/package.bash'
[18.574s] INFO:colcon.colcon_core.shell:Creating package script '/home/yucheng/mpc_motion_control_projects/install/mpc_car_control/share/mpc_car_control/package.zsh'
[18.575s] Level 1:colcon.colcon_core.environment:create_file_with_runtime_dependencies(/home/yucheng/mpc_motion_control_projects/install/mpc_car_control/share/colcon-core/packages/mpc_car_control)
[18.575s] DEBUG:colcon.colcon_parallel_executor.executor.parallel:closing loop
[18.575s] DEBUG:colcon.colcon_parallel_executor.executor.parallel:loop closed
[18.575s] DEBUG:colcon.colcon_parallel_executor.executor.parallel:run_until_complete finished with '0'
[18.575s] DEBUG:colcon.colcon_core.event_reactor:joining thread
[18.586s] INFO:colcon.colcon_core.plugin_system:Skipping extension 'colcon_notification.desktop_notification.terminal_notifier': Not used on non-Darwin systems
[18.586s] INFO:colcon.colcon_core.plugin_system:Skipping extension 'colcon_notification.desktop_notification.win32': Not used on non-Windows systems
[18.586s] INFO:colcon.colcon_notification.desktop_notification:Sending desktop notification using 'notify2'
[18.601s] DEBUG:colcon.colcon_core.event_reactor:joined thread
[18.606s] INFO:colcon.colcon_core.shell:Creating prefix script '/home/yucheng/mpc_motion_control_projects/install/local_setup.ps1'
[18.607s] INFO:colcon.colcon_core.shell:Creating prefix util module '/home/yucheng/mpc_motion_control_projects/install/_local_setup_util_ps1.py'
[18.608s] INFO:colcon.colcon_core.shell:Creating prefix chain script '/home/yucheng/mpc_motion_control_projects/install/setup.ps1'
[18.614s] INFO:colcon.colcon_core.shell:Creating prefix script '/home/yucheng/mpc_motion_control_projects/install/local_setup.sh'
[18.614s] INFO:colcon.colcon_core.shell:Creating prefix util module '/home/yucheng/mpc_motion_control_projects/install/_local_setup_util_sh.py'
[18.615s] INFO:colcon.colcon_core.shell:Creating prefix chain script '/home/yucheng/mpc_motion_control_projects/install/setup.sh'
[18.620s] INFO:colcon.colcon_core.shell:Creating prefix script '/home/yucheng/mpc_motion_control_projects/install/local_setup.bash'
[18.620s] INFO:colcon.colcon_core.shell:Creating prefix chain script '/home/yucheng/mpc_motion_control_projects/install/setup.bash'
[18.624s] INFO:colcon.colcon_core.shell:Creating prefix script '/home/yucheng/mpc_motion_control_projects/install/local_setup.zsh'
[18.625s] INFO:colcon.colcon_core.shell:Creating prefix chain script '/home/yucheng/mpc_motion_control_projects/install/setup.zsh'
