[0.024s] Invoking command in '/home/yucheng/mpc_motion_control_projects/build/mpc_car_control': CMAKE_PREFIX_PATH=${CMAKE_PREFIX_PATH}:/opt/ros/foxy /usr/local/bin/cmake /home/yucheng/mpc_motion_control_projects/mpc_ws/src/mpc_car_control -DCMAKE_INSTALL_PREFIX=/home/yucheng/mpc_motion_control_projects/install/mpc_car_control
[0.028s] [0mCMake Deprecation Warning at CMakeLists.txt:1 (cmake_minimum_required):
[0.028s]   Compatibility with CMake < 3.10 will be removed from a future version of
[0.029s]   CMake.
[0.029s] 
[0.029s]   Update the VERSION argument <min> value.  Or, use the <min>...<max> syntax
[0.029s]   to tell CMake that the project requires at least <min> but has been updated
[0.029s]   to work with policies introduced by <max> or earlier.
[0.029s] 
[0.029s] [0m
[0.069s] -- The C compiler identification is GNU 9.4.0
[0.122s] -- The CXX compiler identification is GNU 9.4.0
[0.129s] -- Detecting C compiler ABI info
[0.183s] -- Detecting C compiler ABI info - done
[0.198s] -- Check for working C compiler: /usr/bin/cc - skipped
[0.198s] -- Detecting C compile features
[0.198s] -- Detecting C compile features - done
[0.209s] -- Detecting CXX compiler ABI info
[0.275s] -- Detecting CXX compiler ABI info - done
[0.292s] -- Check for working CXX compiler: /usr/bin/c++ - skipped
[0.293s] -- Detecting CXX compile features
[0.293s] -- Detecting CXX compile features - done
[0.300s] -- Found ament_cmake: 0.9.12 (/opt/ros/foxy/share/ament_cmake/cmake)
[0.303s] [33mCMake Warning (dev) at /opt/ros/foxy/share/ament_cmake_core/cmake/core/python.cmake:22 (find_package):
[0.303s]   Policy CMP0148 is not set: The FindPythonInterp and FindPythonLibs modules
[0.303s]   are removed.  Run "cmake --help-policy CMP0148" for policy details.  Use
[0.303s]   the cmake_policy command to set the policy and suppress this warning.
[0.303s] 
[0.303s] Call Stack (most recent call first):
[0.303s]   /opt/ros/foxy/share/ament_cmake_core/cmake/core/all.cmake:53 (include)
[0.304s]   /opt/ros/foxy/share/ament_cmake_core/cmake/ament_cmake_core-extras.cmake:17 (include)
[0.304s]   /opt/ros/foxy/share/ament_cmake_core/cmake/ament_cmake_coreConfig.cmake:41 (include)
[0.304s]   /opt/ros/foxy/share/ament_cmake/cmake/ament_cmake_export_dependencies-extras.cmake:15 (find_package)
[0.304s]   /opt/ros/foxy/share/ament_cmake/cmake/ament_cmakeConfig.cmake:41 (include)
[0.304s]   CMakeLists.txt:19 (find_package)
[0.304s] This warning is for project developers.  Use -Wno-dev to suppress it.
[0.304s] [0m
[0.326s] -- Found PythonInterp: /usr/bin/python3 (found suitable version "3.8.10", minimum required is "3")
[0.326s] -- Using PYTHON_EXECUTABLE: /usr/bin/python3
[0.520s] -- Found rclcpp: 2.4.3 (/opt/ros/foxy/share/rclcpp/cmake)
[0.564s] -- Using all available rosidl_typesupport_c: rosidl_typesupport_fastrtps_c;rosidl_typesupport_introspection_c
[0.570s] -- Found rosidl_adapter: 1.3.1 (/opt/ros/foxy/share/rosidl_adapter/cmake)
[0.643s] -- Found OpenSSL: /usr/lib/x86_64-linux-gnu/libcrypto.so (found version "1.1.1f")
[0.672s] -- Found FastRTPS: /opt/ros/foxy/include
[0.744s] -- Using all available rosidl_typesupport_cpp: rosidl_typesupport_fastrtps_cpp;rosidl_typesupport_introspection_cpp
[0.790s] -- Found rmw_implementation_cmake: 1.0.4 (/opt/ros/foxy/share/rmw_implementation_cmake/cmake)
[0.792s] -- Using RMW implementation 'rmw_fastrtps_cpp' as default
[0.792s] -- Performing Test CMAKE_HAVE_LIBC_PTHREAD
[0.855s] -- Performing Test CMAKE_HAVE_LIBC_PTHREAD - Failed
[0.855s] -- Looking for pthread_create in pthreads
[0.906s] -- Looking for pthread_create in pthreads - not found
[0.906s] -- Looking for pthread_create in pthread
[0.967s] -- Looking for pthread_create in pthread - found
[0.968s] -- Found Threads: TRUE
[1.098s] -- Found visualization_msgs: 2.0.5 (/opt/ros/foxy/share/visualization_msgs/cmake)
[1.199s] -- Found tf2: 0.13.14 (/opt/ros/foxy/share/tf2/cmake)
[1.209s] -- Found tf2_ros: 0.13.14 (/opt/ros/foxy/share/tf2_ros/cmake)
[1.510s] -- Found tf2_geometry_msgs: 0.13.14 (/opt/ros/foxy/share/tf2_geometry_msgs/cmake)
[1.518s] -- Found eigen3_cmake_module: 0.1.1 (/opt/ros/foxy/share/eigen3_cmake_module/cmake)
[1.521s] -- Found Eigen3: TRUE (found version "3.3.7")
[1.545s] -- Found ament_lint_auto: 0.9.8 (/opt/ros/foxy/share/ament_lint_auto/cmake)
[1.608s] -- Found rosidl_default_generators: 1.0.1 (/opt/ros/foxy/share/rosidl_default_generators/cmake)
[1.620s] [33mCMake Warning (dev) at /opt/ros/foxy/share/rosidl_adapter/cmake/rosidl_adapt_interfaces.cmake:40 (find_package):
[1.621s]   Policy CMP0148 is not set: The FindPythonInterp and FindPythonLibs modules
[1.621s]   are removed.  Run "cmake --help-policy CMP0148" for policy details.  Use
[1.621s]   the cmake_policy command to set the policy and suppress this warning.
[1.621s] 
[1.621s] Call Stack (most recent call first):
[1.621s]   /opt/ros/foxy/share/rosidl_cmake/cmake/rosidl_generate_interfaces.cmake:130 (rosidl_adapt_interfaces)
[1.621s]   CMakeLists.txt:44 (rosidl_generate_interfaces)
[1.621s] This warning is for project developers.  Use -Wno-dev to suppress it.
[1.621s] [0m
[1.639s] -- Found PythonInterp: /usr/bin/python3 (found version "3.8.10")
[1.776s] -- Found ament_cmake_ros: 0.9.2 (/opt/ros/foxy/share/ament_cmake_ros/cmake)
[1.995s] -- Using all available rosidl_typesupport_c: rosidl_typesupport_fastrtps_c;rosidl_typesupport_introspection_c
[2.088s] -- Using all available rosidl_typesupport_cpp: rosidl_typesupport_fastrtps_cpp;rosidl_typesupport_introspection_cpp
[2.092s] [33mCMake Warning (dev) at /opt/ros/foxy/share/rosidl_generator_py/cmake/rosidl_generator_py_generate_interfaces.cmake:20 (find_package):
[2.092s]   Policy CMP0148 is not set: The FindPythonInterp and FindPythonLibs modules
[2.092s]   are removed.  Run "cmake --help-policy CMP0148" for policy details.  Use
[2.092s]   the cmake_policy command to set the policy and suppress this warning.
[2.092s] 
[2.093s] Call Stack (most recent call first):
[2.093s]   /opt/ros/foxy/share/ament_cmake_core/cmake/core/ament_execute_extensions.cmake:48 (include)
[2.093s]   /opt/ros/foxy/share/rosidl_cmake/cmake/rosidl_generate_interfaces.cmake:286 (ament_execute_extensions)
[2.093s]   CMakeLists.txt:44 (rosidl_generate_interfaces)
[2.093s] This warning is for project developers.  Use -Wno-dev to suppress it.
[2.093s] [0m
[2.111s] -- Found PythonInterp: /usr/bin/python3 (found suitable version "3.8.10", minimum required is "3.5")
[2.113s] -- Found python_cmake_module: 0.8.1 (/opt/ros/foxy/share/python_cmake_module/cmake)
[2.113s] [33mCMake Warning (dev) at /opt/ros/foxy/share/python_cmake_module/cmake/Modules/FindPythonExtra.cmake:45 (find_package):
[2.113s]   Policy CMP0148 is not set: The FindPythonInterp and FindPythonLibs modules
[2.113s]   are removed.  Run "cmake --help-policy CMP0148" for policy details.  Use
[2.113s]   the cmake_policy command to set the policy and suppress this warning.
[2.114s] 
[2.114s] Call Stack (most recent call first):
[2.114s]   /opt/ros/foxy/share/rosidl_generator_py/cmake/rosidl_generator_py_generate_interfaces.cmake:23 (find_package)
[2.114s]   /opt/ros/foxy/share/ament_cmake_core/cmake/core/ament_execute_extensions.cmake:48 (include)
[2.114s]   /opt/ros/foxy/share/rosidl_cmake/cmake/rosidl_generate_interfaces.cmake:286 (ament_execute_extensions)
[2.114s]   CMakeLists.txt:44 (rosidl_generate_interfaces)
[2.114s] This warning is for project developers.  Use -Wno-dev to suppress it.
[2.114s] [0m
[2.133s] [33mCMake Warning (dev) at /opt/ros/foxy/share/python_cmake_module/cmake/Modules/FindPythonExtra.cmake:133 (find_package):
[2.133s]   Policy CMP0148 is not set: The FindPythonInterp and FindPythonLibs modules
[2.133s]   are removed.  Run "cmake --help-policy CMP0148" for policy details.  Use
[2.134s]   the cmake_policy command to set the policy and suppress this warning.
[2.134s] 
[2.134s] Call Stack (most recent call first):
[2.134s]   /opt/ros/foxy/share/rosidl_generator_py/cmake/rosidl_generator_py_generate_interfaces.cmake:23 (find_package)
[2.134s]   /opt/ros/foxy/share/ament_cmake_core/cmake/core/ament_execute_extensions.cmake:48 (include)
[2.134s]   /opt/ros/foxy/share/rosidl_cmake/cmake/rosidl_generate_interfaces.cmake:286 (ament_execute_extensions)
[2.134s]   CMakeLists.txt:44 (rosidl_generate_interfaces)
[2.134s] This warning is for project developers.  Use -Wno-dev to suppress it.
[2.134s] [0m
[2.140s] -- Found PythonLibs: /usr/lib/x86_64-linux-gnu/libpython3.8.so (found suitable version "3.8.10", minimum required is "3.5")
[2.140s] -- Using PYTHON_EXECUTABLE: /usr/bin/python3
[2.140s] -- Using PYTHON_INCLUDE_DIRS: /usr/include/python3.8
[2.140s] -- Using PYTHON_LIBRARIES: /usr/lib/x86_64-linux-gnu/libpython3.8.so
[2.159s] -- Found PythonExtra: .so
[2.227s] [31mCMake Error at CMakeLists.txt:55 (rosidl_get_typesupport_target):
[2.227s]   Unknown CMake command "rosidl_get_typesupport_target".
[2.227s] 
[2.227s] [0m
[2.227s] -- Configuring incomplete, errors occurred!
[2.238s] Invoked command in '/home/yucheng/mpc_motion_control_projects/build/mpc_car_control' returned '1': CMAKE_PREFIX_PATH=${CMAKE_PREFIX_PATH}:/opt/ros/foxy /usr/local/bin/cmake /home/yucheng/mpc_motion_control_projects/mpc_ws/src/mpc_car_control -DCMAKE_INSTALL_PREFIX=/home/yucheng/mpc_motion_control_projects/install/mpc_car_control
